Component: ARM Compiler 5.06 update 7 (build 960) Tool: armlink [4d3601]

==============================================================================

Section Cross References

    startup_stm32f103xb.o(RESET) refers to startup_stm32f103xb.o(STACK) for __initial_sp
    startup_stm32f103xb.o(RESET) refers to startup_stm32f103xb.o(.text) for Reset_Handler
    startup_stm32f103xb.o(RESET) refers to stm32f1xx_it.o(i.NMI_Handler) for NMI_Handler
    startup_stm32f103xb.o(RESET) refers to stm32f1xx_it.o(i.HardFault_Handler) for HardFault_Handler
    startup_stm32f103xb.o(RESET) refers to stm32f1xx_it.o(i.MemManage_Handler) for MemManage_Handler
    startup_stm32f103xb.o(RESET) refers to stm32f1xx_it.o(i.BusFault_Handler) for BusFault_Handler
    startup_stm32f103xb.o(RESET) refers to stm32f1xx_it.o(i.UsageFault_Handler) for UsageFault_Handler
    startup_stm32f103xb.o(RESET) refers to port.o(.emb_text) for SVC_Handler
    startup_stm32f103xb.o(RESET) refers to stm32f1xx_it.o(i.DebugMon_Handler) for DebugMon_Handler
    startup_stm32f103xb.o(RESET) refers to port.o(i.SysTick_Handler) for SysTick_Handler
    startup_stm32f103xb.o(RESET) refers to stm32f1xx_it.o(i.TIM1_UP_IRQHandler) for TIM1_UP_IRQHandler
    startup_stm32f103xb.o(.text) refers to system_stm32f1xx.o(i.SystemInit) for SystemInit
    startup_stm32f103xb.o(.text) refers to entry.o(.ARM.Collect$$$$00000000) for __main
    main.o(i.HAL_TIM_PeriodElapsedCallback) refers to stm32f1xx_hal.o(i.HAL_IncTick) for HAL_IncTick
    main.o(i.SystemClock_Config) refers to memseta.o(.text) for __aeabi_memclr4
    main.o(i.SystemClock_Config) refers to stm32f1xx_hal_rcc.o(i.HAL_RCC_OscConfig) for HAL_RCC_OscConfig
    main.o(i.SystemClock_Config) refers to main.o(i.Error_Handler) for Error_Handler
    main.o(i.SystemClock_Config) refers to stm32f1xx_hal_rcc.o(i.HAL_RCC_ClockConfig) for HAL_RCC_ClockConfig
    main.o(i.fputc) refers to stm32f1xx_hal_uart.o(i.HAL_UART_Transmit) for HAL_UART_Transmit
    main.o(i.fputc) refers to usart.o(.bss) for huart1
    main.o(i.main) refers to stm32f1xx_hal.o(i.HAL_Init) for HAL_Init
    main.o(i.main) refers to main.o(i.SystemClock_Config) for SystemClock_Config
    main.o(i.main) refers to gpio.o(i.MX_GPIO_Init) for MX_GPIO_Init
    main.o(i.main) refers to usart.o(i.MX_USART1_UART_Init) for MX_USART1_UART_Init
    main.o(i.main) refers to tim.o(i.MX_TIM4_Init) for MX_TIM4_Init
    main.o(i.main) refers to usart.o(i.MX_USART2_UART_Init) for MX_USART2_UART_Init
    main.o(i.main) refers to elog.o(i.elog_init) for elog_init
    main.o(i.main) refers to elog.o(i.elog_set_fmt) for elog_set_fmt
    main.o(i.main) refers to elog.o(i.elog_start) for elog_start
    main.o(i.main) refers to elog.o(i.elog_output) for elog_output
    main.o(i.main) refers to cmsis_os2.o(i.osKernelInitialize) for osKernelInitialize
    main.o(i.main) refers to freertos.o(i.MX_FREERTOS_Init) for MX_FREERTOS_Init
    main.o(i.main) refers to cmsis_os2.o(i.osKernelStart) for osKernelStart
    main.o(i.main) refers to stdout.o(.data) for __stdout
    main.o(i.main) refers to main.o(.constdata) for __FUNCTION__
    gpio.o(i.MX_GPIO_Init) refers to stm32f1xx_hal_gpio.o(i.HAL_GPIO_WritePin) for HAL_GPIO_WritePin
    gpio.o(i.MX_GPIO_Init) refers to stm32f1xx_hal_gpio.o(i.HAL_GPIO_Init) for HAL_GPIO_Init
    freertos.o(i.App_Task_Dht11) refers to tasks.o(i.xTaskGetTickCount) for xTaskGetTickCount
    freertos.o(i.App_Task_Dht11) refers to dht11.o(i.DHT11_Read_Data) for DHT11_Read_Data
    freertos.o(i.App_Task_Dht11) refers to elog.o(i.elog_output) for elog_output
    freertos.o(i.App_Task_Dht11) refers to tasks.o(i.vTaskDelayUntil) for vTaskDelayUntil
    freertos.o(i.App_Task_Dht11) refers to freertos.o(.data) for g_htsensor
    freertos.o(i.App_Task_Dht11) refers to freertos.o(.constdata) for __FUNCTION__
    freertos.o(i.App_Task_Info) refers to tasks.o(i.xTaskGetTickCount) for xTaskGetTickCount
    freertos.o(i.App_Task_Info) refers to tasks.o(i.vTaskGetInfo) for vTaskGetInfo
    freertos.o(i.App_Task_Info) refers to port.o(i.vPortEnterCritical) for vPortEnterCritical
    freertos.o(i.App_Task_Info) refers to elog.o(i.elog_output) for elog_output
    freertos.o(i.App_Task_Info) refers to tasks.o(i.xTaskGetIdleTaskHandle) for xTaskGetIdleTaskHandle
    freertos.o(i.App_Task_Info) refers to tasks.o(i.uxTaskGetStackHighWaterMark) for uxTaskGetStackHighWaterMark
    freertos.o(i.App_Task_Info) refers to tasks.o(i.uxTaskGetNumberOfTasks) for uxTaskGetNumberOfTasks
    freertos.o(i.App_Task_Info) refers to tasks.o(i.vTaskList) for vTaskList
    freertos.o(i.App_Task_Info) refers to port.o(i.vPortExitCritical) for vPortExitCritical
    freertos.o(i.App_Task_Info) refers to stm32f1xx_hal_gpio.o(i.HAL_GPIO_TogglePin) for HAL_GPIO_TogglePin
    freertos.o(i.App_Task_Info) refers to cmsis_os2.o(i.osDelay) for osDelay
    freertos.o(i.App_Task_Info) refers to tasks.o(i.vTaskDelete) for vTaskDelete
[...]
    i.__scatterload_null                     0x080027e0   Section        2  handlers.o(i.__scatterload_null)
    i.__scatterload_zeroinit                 0x080027e2   Section       14  handlers.o(i.__scatterload_zeroinit)
    i._fp_digits                             0x080027f0   Section        0  printfa.o(i._fp_digits)
    _fp_digits                               0x080027f1   Thumb Code   366  printfa.o(i._fp_digits)
    i._printf_core                           0x08002974   Section        0  printfa.o(i._printf_core)
    _printf_core                             0x08002975   Thumb Code  1704  printfa.o(i._printf_core)
    i._printf_post_padding                   0x08003028   Section        0  printfa.o(i._printf_post_padding)
    _printf_post_padding                     0x08003029   Thumb Code    36  printfa.o(i._printf_post_padding)
    i._printf_pre_padding                    0x0800304c   Section        0  printfa.o(i._printf_pre_padding)
    _printf_pre_padding                      0x0800304d   Thumb Code    46  printfa.o(i._printf_pre_padding)
    i._snputc                                0x0800307a   Section        0  printfa.o(i._snputc)
    _snputc                                  0x0800307b   Thumb Code    22  printfa.o(i._snputc)
    i._sputc                                 0x08003090   Section        0  printfa.o(i._sputc)
    _sputc                                   0x08003091   Thumb Code    10  printfa.o(i._sputc)
    i.eTaskGetState                          0x0800309c   Section        0  tasks.o(i.eTaskGetState)
    i.elog_get_filter_tag_lvl                0x08003120   Section        0  elog.o(i.elog_get_filter_tag_lvl)
    i.elog_init                              0x0800322c   Section        0  elog.o(i.elog_init)
    i.elog_output                            0x0800327c   Section        0  elog.o(i.elog_output)
    i.elog_output_lock                       0x08003658   Section        0  elog.o(i.elog_output_lock)
    i.elog_output_lock_enabled               0x08003680   Section        0  elog.o(i.elog_output_lock_enabled)
    i.elog_output_unlock                     0x080036c0   Section        0  elog.o(i.elog_output_unlock)
    i.elog_port_get_p_info                   0x080036e8   Section        0  elog_port.o(i.elog_port_get_p_info)
    i.elog_port_get_t_info                   0x080036f0   Section        0  elog_port.o(i.elog_port_get_t_info)
    i.elog_port_get_time                     0x080036f8   Section        0  elog_port.o(i.elog_port_get_time)
    i.elog_port_init                         0x08003700   Section        0  elog_port.o(i.elog_port_init)
    i.elog_port_output                       0x08003704   Section        0  elog_port.o(i.elog_port_output)
    i.elog_port_output_lock                  0x08003720   Section        0  elog_port.o(i.elog_port_output_lock)
    i.elog_port_output_unlock                0x08003722   Section        0  elog_port.o(i.elog_port_output_unlock)
    i.elog_set_filter_lvl                    0x08003724   Section        0  elog.o(i.elog_set_filter_lvl)
    i.elog_set_filter_tag_lvl_default        0x080037e0   Section        0  elog.o(i.elog_set_filter_tag_lvl_default)
    elog_set_filter_tag_lvl_default          0x080037e1   Thumb Code    54  elog.o(i.elog_set_filter_tag_lvl_default)
    i.elog_set_fmt                           0x0800381c   Section        0  elog.o(i.elog_set_fmt)
    i.elog_set_output_enabled                0x080038dc   Section        0  elog.o(i.elog_set_output_enabled)
    i.elog_set_text_color_enabled            0x080039ac   Section        0  elog.o(i.elog_set_text_color_enabled)
    i.elog_start                             0x08003a7c   Section        0  elog.o(i.elog_start)
    i.elog_strcpy                            0x08003b08   Section        0  elog_utils.o(i.elog_strcpy)
    i.fputc                                  0x08003c08   Section        0  main.o(i.fputc)
    i.get_fmt_enabled                        0x08003c20   Section        0  elog.o(i.get_fmt_enabled)
    get_fmt_enabled                          0x08003c21   Thumb Code    90  elog.o(i.get_fmt_enabled)
    i.main                                   0x08003cec   Section        0  main.o(i.main)
    i.osDelay                                0x08003d7c   Section        0  cmsis_os2.o(i.osDelay)
    i.osKernelInitialize                     0x08003db4   Section        0  cmsis_os2.o(i.osKernelInitialize)
    i.osKernelStart                          0x08003df4   Section        0  cmsis_os2.o(i.osKernelStart)
    i.osThreadNew                            0x08003e38   Section        0  cmsis_os2.o(i.osThreadNew)
    i.prvAddCurrentTaskToDelayedList         0x08003f14   Section        0  tasks.o(i.prvAddCurrentTaskToDelayedList)
    prvAddCurrentTaskToDelayedList           0x08003f15   Thumb Code   100  tasks.o(i.prvAddCurrentTaskToDelayedList)
    i.prvAddNewTaskToReadyList               0x08003f90   Section        0  tasks.o(i.prvAddNewTaskToReadyList)
    prvAddNewTaskToReadyList                 0x08003f91   Thumb Code   154  tasks.o(i.prvAddNewTaskToReadyList)
    i.prvCheckForValidListAndQueue           0x08004048   Section        0  timers.o(i.prvCheckForValidListAndQueue)
    prvCheckForValidListAndQueue             0x08004049   Thumb Code    78  timers.o(i.prvCheckForValidListAndQueue)
    i.prvCheckTasksWaitingTermination        0x080040bc   Section        0  tasks.o(i.prvCheckTasksWaitingTermination)
    prvCheckTasksWaitingTermination          0x080040bd   Thumb Code    60  tasks.o(i.prvCheckTasksWaitingTermination)
    i.prvCopyDataFromQueue                   0x08004104   Section        0  queue.o(i.prvCopyDataFromQueue)
    prvCopyDataFromQueue                     0x08004105   Thumb Code    42  queue.o(i.prvCopyDataFromQueue)
    i.prvCopyDataToQueue                     0x0800412e   Section        0  queue.o(i.prvCopyDataToQueue)
    prvCopyDataToQueue                       0x0800412f   Thumb Code   124  queue.o(i.prvCopyDataToQueue)
    i.prvDeleteTCB                           0x080041aa   Section        0  tasks.o(i.prvDeleteTCB)
    prvDeleteTCB                             0x080041ab   Thumb Code    80  tasks.o(i.prvDeleteTCB)
    i.prvGetNextExpireTime                   0x080041fc   Section        0  timers.o(i.prvGetNextExpireTime)
    prvGetNextExpireTime                     0x080041fd   Thumb Code    36  timers.o(i.prvGetNextExpireTime)
    i.prvHeapInit                            0x08004224   Section        0  heap_4.o(i.prvHeapInit)
    prvHeapInit                              0x08004225   Thumb Code    98  heap_4.o(i.prvHeapInit)
    i.prvIdleTask                            0x080042a0   Section        0  tasks.o(i.prvIdleTask)
    prvIdleTask                              0x080042a1   Thumb Code    32  tasks.o(i.prvIdleTask)
    i.prvInitialiseNewQueue                  0x080042c8   Section        0  queue.o(i.prvInitialiseNewQueue)
    prvInitialiseNewQueue                    0x080042c9   Thumb Code    42  queue.o(i.prvInitialiseNewQueue)
    i.prvInitialiseNewTask                   0x080042f2   Section        0  tasks.o(i.prvInitialiseNewTask)
    prvInitialiseNewTask                     0x080042f3   Thumb Code   180  tasks.o(i.prvInitialiseNewTask)
    i.prvInitialiseTaskLists                 0x080043a8   Section        0  tasks.o(i.prvInitialiseTaskLists)
    prvInitialiseTaskLists                   0x080043a9   Thumb Code    70  tasks.o(i.prvInitialiseTaskLists)
    i.prvInsertBlockIntoFreeList             0x08004410   Section        0  heap_4.o(i.prvInsertBlockIntoFreeList)
    prvInsertBlockIntoFreeList               0x08004411   Thumb Code    96  heap_4.o(i.prvInsertBlockIntoFreeList)
    i.prvInsertTimerInActiveList             0x08004478   Section        0  timers.o(i.prvInsertTimerInActiveList)
    prvInsertTimerInActiveList               0x08004479   Thumb Code    80  timers.o(i.prvInsertTimerInActiveList)
    i.prvIsQueueEmpty                        0x080044d0   Section        0  queue.o(i.prvIsQueueEmpty)
    prvIsQueueEmpty                          0x080044d1   Thumb Code    26  queue.o(i.prvIsQueueEmpty)
    i.prvIsQueueFull                         0x080044ea   Section        0  queue.o(i.prvIsQueueFull)
    prvIsQueueFull                           0x080044eb   Thumb Code    30  queue.o(i.prvIsQueueFull)
    i.prvListTasksWithinSingleList           0x08004508   Section        0  tasks.o(i.prvListTasksWithinSingleList)
    prvListTasksWithinSingleList             0x08004509   Thumb Code   106  tasks.o(i.prvListTasksWithinSingleList)
    i.prvProcessExpiredTimer                 0x08004574   Section        0  timers.o(i.prvProcessExpiredTimer)
    prvProcessExpiredTimer                   0x08004575   Thumb Code    94  timers.o(i.prvProcessExpiredTimer)
    i.prvProcessReceivedCommands             0x080045d8   Section        0  timers.o(i.prvProcessReceivedCommands)
    prvProcessReceivedCommands               0x080045d9   Thumb Code   290  timers.o(i.prvProcessReceivedCommands)
    i.prvProcessTimerOrBlockTask             0x08004700   Section        0  timers.o(i.prvProcessTimerOrBlockTask)
    prvProcessTimerOrBlockTask               0x08004701   Thumb Code   102  timers.o(i.prvProcessTimerOrBlockTask)
    i.prvResetNextTaskUnblockTime            0x08004774   Section        0  tasks.o(i.prvResetNextTaskUnblockTime)
    prvResetNextTaskUnblockTime              0x08004775   Thumb Code    42  tasks.o(i.prvResetNextTaskUnblockTime)
    i.prvSampleTimeNow                       0x080047a8   Section        0  timers.o(i.prvSampleTimeNow)
    prvSampleTimeNow                         0x080047a9   Thumb Code    40  timers.o(i.prvSampleTimeNow)
    i.prvSwitchTimerLists                    0x080047d4   Section        0  timers.o(i.prvSwitchTimerLists)
    prvSwitchTimerLists                      0x080047d5   Thumb Code   150  timers.o(i.prvSwitchTimerLists)
    i.prvTaskCheckFreeStackSpace             0x08004874   Section        0  tasks.o(i.prvTaskCheckFreeStackSpace)
    prvTaskCheckFreeStackSpace               0x08004875   Thumb Code    22  tasks.o(i.prvTaskCheckFreeStackSpace)
    i.prvTaskExitError                       0x0800488c   Section        0  port.o(i.prvTaskExitError)
    prvTaskExitError                         0x0800488d   Thumb Code    60  port.o(i.prvTaskExitError)
    i.prvTimerTask                           0x080048cc   Section        0  timers.o(i.prvTimerTask)
    prvTimerTask                             0x080048cd   Thumb Code    26  timers.o(i.prvTimerTask)
    i.prvUnlockQueue                         0x080048e6   Section        0  queue.o(i.prvUnlockQueue)
    prvUnlockQueue                           0x080048e7   Thumb Code   126  queue.o(i.prvUnlockQueue)
    i.prvWriteNameToBuffer                   0x08004964   Section        0  tasks.o(i.prvWriteNameToBuffer)
    prvWriteNameToBuffer                     0x08004965   Thumb Code    42  tasks.o(i.prvWriteNameToBuffer)
    i.pvPortMalloc                           0x08004990   Section        0  heap_4.o(i.pvPortMalloc)
    i.pxPortInitialiseStack                  0x08004acc   Section        0  port.o(i.pxPortInitialiseStack)
    i.uxListRemove                           0x08004af0   Section        0  list.o(i.uxListRemove)
    i.uxTaskGetNumberOfTasks                 0x08004b18   Section        0  tasks.o(i.uxTaskGetNumberOfTasks)
    i.uxTaskGetStackHighWaterMark            0x08004b24   Section        0  tasks.o(i.uxTaskGetStackHighWaterMark)
    i.uxTaskGetSystemState                   0x08004b4c   Section        0  tasks.o(i.uxTaskGetSystemState)
    i.vApplicationGetIdleTaskMemory          0x08004bfc   Section        0  cmsis_os2.o(i.vApplicationGetIdleTaskMemory)
    i.vApplicationGetTimerTaskMemory         0x08004c14   Section        0  cmsis_os2.o(i.vApplicationGetTimerTaskMemory)
    i.vListInitialise                        0x08004c2c   Section        0  list.o(i.vListInitialise)
    i.vListInitialiseItem                    0x08004c46   Section        0  list.o(i.vListInitialiseItem)
    i.vListInsert                            0x08004c4c   Section        0  list.o(i.vListInsert)
    i.vListInsertEnd                         0x08004c80   Section        0  list.o(i.vListInsertEnd)
    i.vPortEnterCritical                     0x08004c98   Section        0  port.o(i.vPortEnterCritical)
    i.vPortExitCritical                      0x08004cec   Section        0  port.o(i.vPortExitCritical)
    i.vPortFree                              0x08004d28   Section        0  heap_4.o(i.vPortFree)
    i.vPortSetupTimerInterrupt               0x08004dbc   Section        0  port.o(i.vPortSetupTimerInterrupt)
    i.vPortValidateInterruptPriority         0x08004de4   Section        0  port.o(i.vPortValidateInterruptPriority)
    i.vQueueAddToRegistry                    0x08004e5c   Section        0  queue.o(i.vQueueAddToRegistry)
    i.vQueueWaitForMessageRestricted         0x08004e88   Section        0  queue.o(i.vQueueWaitForMessageRestricted)
    i.vTaskDelay                             0x08004ed4   Section        0  tasks.o(i.vTaskDelay)
    i.vTaskDelayUntil                        0x08004f30   Section        0  tasks.o(i.vTaskDelayUntil)
    i.vTaskDelete                            0x08005004   Section        0  tasks.o(i.vTaskDelete)
    i.vTaskGetInfo                           0x080050cc   Section        0  tasks.o(i.vTaskGetInfo)
    i.vTaskInternalSetTimeOutState           0x08005150   Section        0  tasks.o(i.vTaskInternalSetTimeOutState)
    i.vTaskList                              0x08005168   Section        0  tasks.o(i.vTaskList)
    i.vTaskMissedYield                       0x08005248   Section        0  tasks.o(i.vTaskMissedYield)
    i.vTaskPlaceOnEventList                  0x08005254   Section        0  tasks.o(i.vTaskPlaceOnEventList)
    i.vTaskPlaceOnEventListRestricted        0x0800528c   Section        0  tasks.o(i.vTaskPlaceOnEventListRestricted)
    i.vTaskStartScheduler                    0x080052cc   Section        0  tasks.o(i.vTaskStartScheduler)
    i.vTaskSuspendAll                        0x08005384   Section        0  tasks.o(i.vTaskSuspendAll)
    i.vTaskSwitchContext                     0x08005394   Section        0  tasks.o(i.vTaskSwitchContext)
    i.xPortStartScheduler                    0x08005424   Section        0  port.o(i.xPortStartScheduler)
    i.xQueueGenericCreateStatic              0x0800551c   Section        0  queue.o(i.xQueueGenericCreateStatic)
    i.xQueueGenericReset                     0x080055fc   Section        0  queue.o(i.xQueueGenericReset)
    i.xQueueGenericSend                      0x08005694   Section        0  queue.o(i.xQueueGenericSend)
    i.xQueueGenericSendFromISR               0x0800583c   Section        0  queue.o(i.xQueueGenericSendFromISR)
    i.xQueueReceive                          0x08005934   Section        0  queue.o(i.xQueueReceive)
    i.xTaskCheckForTimeOut                   0x08005a9c   Section        0  tasks.o(i.xTaskCheckForTimeOut)
    i.xTaskCreate                            0x08005b28   Section        0  tasks.o(i.xTaskCreate)
    i.xTaskCreateStatic                      0x08005b8c   Section        0  tasks.o(i.xTaskCreateStatic)
    i.xTaskGetIdleTaskHandle                 0x08005c44   Section        0  tasks.o(i.xTaskGetIdleTaskHandle)
    i.xTaskGetSchedulerState                 0x08005c74   Section        0  tasks.o(i.xTaskGetSchedulerState)
    i.xTaskGetTickCount                      0x08005c94   Section        0  tasks.o(i.xTaskGetTickCount)
    i.xTaskIncrementTick                     0x08005ca0   Section        0  tasks.o(i.xTaskIncrementTick)
    i.xTaskPriorityDisinherit                0x08005de4   Section        0  tasks.o(i.xTaskPriorityDisinherit)
    i.xTaskRemoveFromEventList               0x08005e88   Section        0  tasks.o(i.xTaskRemoveFromEventList)
    i.xTaskResumeAll                         0x08005f20   Section        0  tasks.o(i.xTaskResumeAll)
    i.xTimerCreateTimerTask                  0x08006024   Section        0  timers.o(i.xTimerCreateTimerTask)
    i.xTimerGenericCommand                   0x0800609c   Section        0  timers.o(i.xTimerGenericCommand)
    .constdata                               0x08006120   Section        5  main.o(.constdata)
    __FUNCTION__                             0x08006120   Data           5  main.o(.constdata)
    .constdata                               0x08006128   Section      137  freertos.o(.constdata)
    __FUNCTION__                             0x08006194   Data          15  freertos.o(.constdata)
    __FUNCTION__                             0x080061a3   Data          14  freertos.o(.constdata)
    .constdata                               0x080061b1   Section       24  system_stm32f1xx.o(.constdata)
    .constdata                               0x080061c9   Section      226  elog.o(.constdata)
    __FUNCTION__                             0x080061c9   Data          11  elog.o(.constdata)
    __FUNCTION__                             0x080061d4   Data          10  elog.o(.constdata)
    __FUNCTION__                             0x080061de   Data          24  elog.o(.constdata)
    __FUNCTION__                             0x080061f6   Data          28  elog.o(.constdata)
    __FUNCTION__                             0x08006212   Data          13  elog.o(.constdata)
    __FUNCTION__                             0x0800621f   Data          16  elog.o(.constdata)
    __FUNCTION__                             0x0800622f   Data          20  elog.o(.constdata)
    __FUNCTION__                             0x08006243   Data          24  elog.o(.constdata)
    __FUNCTION__                             0x0800625b   Data          24  elog.o(.constdata)
    __FUNCTION__                             0x08006273   Data          12  elog.o(.constdata)
    __FUNCTION__                             0x0800627f   Data          16  elog.o(.constdata)
    __FUNCTION__                             0x0800628f   Data          14  elog.o(.constdata)
    __FUNCTION__                             0x0800629d   Data          14  elog.o(.constdata)
    .constdata                               0x080062ab   Section       35  elog_utils.o(.constdata)
    __FUNCTION__                             0x080062ab   Data          12  elog_utils.o(.constdata)
    __FUNCTION__                             0x080062b7   Data          11  elog_utils.o(.constdata)
    __FUNCTION__                             0x080062c2   Data          12  elog_utils.o(.constdata)
    .conststring                             0x080062d0   Section       34  freertos.o(.conststring)
    .conststring                             0x080062f4   Section       71  elog.o(.conststring)
    .data                                    0x20000000   Section       16  freertos.o(.data)
    .data                                    0x20000010   Section        9  stm32f1xx_hal.o(.data)
    .data                                    0x2000001c   Section        4  system_stm32f1xx.o(.data)
    .data                                    0x20000020   Section       60  tasks.o(.data)
    pxDelayedTaskList                        0x20000024   Data           4  tasks.o(.data)
    pxOverflowDelayedTaskList                0x20000028   Data           4  tasks.o(.data)
    uxDeletedTasksWaitingCleanUp             0x2000002c   Data           4  tasks.o(.data)
    uxCurrentNumberOfTasks                   0x20000030   Data           4  tasks.o(.data)
    xTickCount                               0x20000034   Data           4  tasks.o(.data)
    uxTopReadyPriority                       0x20000038   Data           4  tasks.o(.data)
    xSchedulerRunning                        0x2000003c   Data           4  tasks.o(.data)
    uxPendedTicks                            0x20000040   Data           4  tasks.o(.data)
    xYieldPending                            0x20000044   Data           4  tasks.o(.data)
    xNumOfOverflows                          0x20000048   Data           4  tasks.o(.data)
    uxTaskNumber                             0x2000004c   Data           4  tasks.o(.data)
    xNextTaskUnblockTime                     0x20000050   Data           4  tasks.o(.data)
    xIdleTaskHandle                          0x20000054   Data           4  tasks.o(.data)
    uxSchedulerSuspended                     0x20000058   Data           4  tasks.o(.data)
    .data                                    0x2000005c   Section       20  timers.o(.data)
    pxCurrentTimerList                       0x2000005c   Data           4  timers.o(.data)
    pxOverflowTimerList                      0x20000060   Data           4  timers.o(.data)
    xTimerQueue                              0x20000064   Data           4  timers.o(.data)
    xTimerTaskHandle                         0x20000068   Data           4  timers.o(.data)
    xLastTime                                0x2000006c   Data           4  timers.o(.data)
    .data                                    0x20000070   Section        4  cmsis_os2.o(.data)
    KernelState                              0x20000070   Data           4  cmsis_os2.o(.data)
    .data                                    0x20000074   Section       24  heap_4.o(.data)
    xStart                                   0x20000074   Data           8  heap_4.o(.data)
    pxEnd                                    0x2000007c   Data           4  heap_4.o(.data)
    xFreeBytesRemaining                      0x20000080   Data           4  heap_4.o(.data)
    xMinimumEverFreeBytesRemaining           0x20000084   Data           4  heap_4.o(.data)
    xBlockAllocatedBit                       0x20000088   Data           4  heap_4.o(.data)
    .data                                    0x2000008c   Section       12  port.o(.data)
    uxCriticalNesting                        0x2000008c   Data           4  port.o(.data)
    ucMaxSysCallPriority                     0x20000090   Data           1  port.o(.data)
    ulMaxPRIGROUPValue                       0x20000094   Data           4  port.o(.data)
    .data                                    0x20000098   Section       52  elog.o(.data)
    level_output_info                        0x20000098   Data          24  elog.o(.data)
    color_output_info                        0x200000b0   Data          24  elog.o(.data)
    .data                                    0x200000cc   Section        4  stdout.o(.data)
    .bss                                     0x200000d0   Section       72  tim.o(.bss)
    .bss                                     0x20000118   Section      136  usart.o(.bss)
    .bss                                     0x200001a0   Section       72  stm32f1xx_hal_timebase_tim.o(.bss)
    .bss                                     0x200001e8   Section       64  queue.o(.bss)
    .bss                                     0x20000228   Section     1220  tasks.o(.bss)
    pxReadyTasksLists                        0x20000228   Data        1120  tasks.o(.bss)
    xDelayedTaskList1                        0x20000688   Data          20  tasks.o(.bss)
    xDelayedTaskList2                        0x2000069c   Data          20  tasks.o(.bss)
    xPendingReadyList                        0x200006b0   Data          20  tasks.o(.bss)
    xTasksWaitingTermination                 0x200006c4   Data          20  tasks.o(.bss)
    xSuspendedTaskList                       0x200006d8   Data          20  tasks.o(.bss)
    .bss                                     0x200006ec   Section      280  timers.o(.bss)
    xActiveTimerList1                        0x200006ec   Data          20  timers.o(.bss)
    xActiveTimerList2                        0x20000700   Data          20  timers.o(.bss)
    xStaticTimerQueue                        0x20000714   Data          80  timers.o(.bss)
    ucStaticTimerQueueStorage                0x20000764   Data         160  timers.o(.bss)
    .bss                                     0x20000804   Section     1720  cmsis_os2.o(.bss)
    Idle_TCB                                 0x20000804   Data          92  cmsis_os2.o(.bss)
    Idle_Stack                               0x20000860   Data         512  cmsis_os2.o(.bss)
    Timer_TCB                                0x20000a60   Data          92  cmsis_os2.o(.bss)
    Timer_Stack                              0x20000abc   Data        1024  cmsis_os2.o(.bss)
    .bss                                     0x20000ebc   Section     3072  heap_4.o(.bss)
    ucHeap                                   0x20000ebc   Data        3072  heap_4.o(.bss)
    .bss                                     0x20001abc   Section     1272  elog.o(.bss)
    elog                                     0x20001abc   Data         248  elog.o(.bss)
    log_buf                                  0x20001bb4   Data        1024  elog.o(.bss)
    STACK                                    0x20001fb8   Section     1024  startup_stm32f103xb.o(STACK)

    Global Symbols

    Symbol Name                              Value     Ov Type        Size  Object(Section)

    BuildAttributes$$THM_ISAv4$P$D$K$B$S$PE$A:L22UL41UL21$X:L11$S22US41US21$IEEE1$IW$USESV6$~STKCKD$USESV7$~SHL$OSPACE$ROPI$EBA8$MICROLIB$REQ8$PRES8$EABIv2 0x00000000   Number         0  anon$$obj.o ABSOLUTE
    __ARM_use_no_argv                        0x00000000   Number         0  main.o ABSOLUTE
    _printf_a                                0x00000000   Number         0  stubs.o ABSOLUTE
    _printf_c                                0x00000000   Number         0  stubs.o ABSOLUTE
    _printf_charcount                        0x00000000   Number         0  stubs.o ABSOLUTE
    _printf_d                                0x00000000   Number         0  stubs.o ABSOLUTE
    _printf_e                                0x00000000   Number         0  stubs.o ABSOLUTE
    _printf_f                                0x00000000   Number         0  stubs.o ABSOLUTE
    _printf_flags                            0x00000000   Number         0  stubs.o ABSOLUTE
    _printf_fp_dec                           0x00000000   Number         0  stubs.o ABSOLUTE
    _printf_fp_hex                           0x00000000   Number         0  stubs.o ABSOLUTE
    _printf_g                                0x00000000   Number         0  stubs.o ABSOLUTE
    _printf_i                                0x00000000   Number         0  stubs.o ABSOLUTE
    _printf_int_dec                          0x00000000   Number         0  stubs.o ABSOLUTE
    _printf_l                                0x00000000   Number         0  stubs.o ABSOLUTE
    _printf_lc                               0x00000000   Number         0  stubs.o ABSOLUTE
    _printf_ll                               0x00000000   Number         0  stubs.o ABSOLUTE
    _printf_lld                              0x00000000   Number         0  stubs.o ABSOLUTE
    _printf_lli                              0x00000000   Number         0  stubs.o ABSOLUTE
    _printf_llo                              0x00000000   Number         0  stubs.o ABSOLUTE
    _printf_llu                              0x00000000   Number         0  stubs.o ABSOLUTE
    _printf_llx                              0x00000000   Number         0  stubs.o ABSOLUTE
    _printf_longlong_dec                     0x00000000   Number         0  stubs.o ABSOLUTE
    _printf_longlong_hex                     0x00000000   Number         0  stubs.o ABSOLUTE
    _printf_longlong_oct                     0x00000000   Number         0  stubs.o ABSOLUTE
    _printf_ls                               0x00000000   Number         0  stubs.o ABSOLUTE
    _printf_mbtowc                           0x00000000   Number         0  stubs.o ABSOLUTE
    _printf_n                                0x00000000   Number         0  stubs.o ABSOLUTE
    _printf_o                                0x00000000   Number         0  stubs.o ABSOLUTE
    _printf_p                                0x00000000   Number         0  stubs.o ABSOLUTE
    _printf_percent                          0x00000000   Number         0  stubs.o ABSOLUTE
    _printf_pre_padding                      0x00000000   Number         0  stubs.o ABSOLUTE
    _printf_return_value                     0x00000000   Number         0  stubs.o ABSOLUTE
    _printf_s                                0x00000000   Number         0  stubs.o ABSOLUTE
    _printf_sizespec                         0x00000000   Number         0  stubs.o ABSOLUTE
    _printf_str                              0x00000000   Number         0  stubs.o ABSOLUTE
    _printf_truncate_signed                  0x00000000   Number         0  stubs.o ABSOLUTE
    _printf_truncate_unsigned                0x00000000   Number         0  stubs.o ABSOLUTE
    _printf_u                                0x00000000   Number         0  stubs.o ABSOLUTE
    _printf_wc                               0x00000000   Number         0  stubs.o ABSOLUTE
    _printf_wctomb                           0x00000000   Number         0  stubs.o ABSOLUTE
    _printf_widthprec                        0x00000000   Number         0  stubs.o ABSOLUTE
    _printf_x                                0x00000000   Number         0  stubs.o ABSOLUTE
    __arm_fini_                               - Undefined Weak Reference
    __cpp_initialize__aeabi_                  - Undefined Weak Reference
    __cxa_finalize                            - Undefined Weak Reference
    __decompress                              - Undefined Weak Reference
    _clock_init                               - Undefined Weak Reference
    _microlib_exit                            - Undefined Weak Reference
    __Vectors_Size                           0x000000ec   Number         0  startup_stm32f103xb.o ABSOLUTE
    __Vectors                                0x08000000   Data           4  startup_stm32f103xb.o(RESET)
    __Vectors_End                            0x080000ec   Data           0  startup_stm32f103xb.o(RESET)
    __main                                   0x080000ed   Thumb Code     0  entry.o(.ARM.Collect$$$$00000000)
    _main_stk                                0x080000ed   Thumb Code     0  entry2.o(.ARM.Collect$$$$00000001)
    _main_scatterload                        0x080000f1   Thumb Code     0  entry5.o(.ARM.Collect$$$$00000004)
    __main_after_scatterload                 0x080000f5   Thumb Code     0  entry5.o(.ARM.Collect$$$$00000004)
    _main_clock                              0x080000f5   Thumb Code     0  entry7b.o(.ARM.Collect$$$$00000008)
    _main_cpp_init                           0x080000f5   Thumb Code     0  entry8b.o(.ARM.Collect$$$$0000000A)
    _main_init                               0x080000f5   Thumb Code     0  entry9a.o(.ARM.Collect$$$$0000000B)
    __rt_lib_shutdown_fini                   0x080000fd   Thumb Code     0  entry12b.o(.ARM.Collect$$$$0000000E)
    __rt_final_cpp                           0x08000101   Thumb Code     0  entry10a.o(.ARM.Collect$$$$0000000F)
    __rt_final_exit                          0x08000101   Thumb Code     0  entry11a.o(.ARM.Collect$$$$00000011)
    SVC_Handler                              0x08000105   Thumb Code    32  port.o(.emb_text)
    __asm___6_port_c_39a90d8d__prvStartFirstTask 0x08000129   Thumb Code    28  port.o(.emb_text)
    PendSV_Handler                           0x08000149   Thumb Code    72  port.o(.emb_text)
    vPortGetIPSR                             0x08000195   Thumb Code     6  port.o(.emb_text)
    Reset_Handler                            0x0800019d   Thumb Code     8  startup_stm32f103xb.o(.text)
    ADC1_2_IRQHandler                        0x080001b7   Thumb Code     0  startup_stm32f103xb.o(.text)
    CAN1_RX1_IRQHandler                      0x080001b7   Thumb Code     0  startup_stm32f103xb.o(.text)
    CAN1_SCE_IRQHandler                      0x080001b7   Thumb Code     0  startup_stm32f103xb.o(.text)
    DMA1_Channel1_IRQHandler                 0x080001b7   Thumb Code     0  startup_stm32f103xb.o(.text)
    DMA1_Channel2_IRQHandler                 0x080001b7   Thumb Code     0  startup_stm32f103xb.o(.text)
    DMA1_Channel3_IRQHandler                 0x080001b7   Thumb Code     0  startup_stm32f103xb.o(.text)
    DMA1_Channel4_IRQHandler                 0x080001b7   Thumb Code     0  startup_stm32f103xb.o(.text)
    DMA1_Channel5_IRQHandler                 0x080001b7   Thumb Code     0  startup_stm32f103xb.o(.text)
    DMA1_Channel6_IRQHandler                 0x080001b7   Thumb Code     0  startup_stm32f103xb.o(.text)
    DMA1_Channel7_IRQHandler                 0x080001b7   Thumb Code     0  startup_stm32f103xb.o(.text)
    EXTI0_IRQHandler                         0x080001b7   Thumb Code     0  startup_stm32f103xb.o(.text)
    EXTI15_10_IRQHandler                     0x080001b7   Thumb Code     0  startup_stm32f103xb.o(.text)
    EXTI1_IRQHandler                         0x080001b7   Thumb Code     0  startup_stm32f103xb.o(.text)
    EXTI2_IRQHandler                         0x080001b7   Thumb Code     0  startup_stm32f103xb.o(.text)
    EXTI3_IRQHandler                         0x080001b7   Thumb Code     0  startup_stm32f103xb.o(.text)
    EXTI4_IRQHandler                         0x080001b7   Thumb Code     0  startup_stm32f103xb.o(.text)
    EXTI9_5_IRQHandler                       0x080001b7   Thumb Code     0  startup_stm32f103xb.o(.text)
    FLASH_IRQHandler                         0x080001b7   Thumb Code     0  startup_stm32f103xb.o(.text)
    I2C1_ER_IRQHandler                       0x080001b7   Thumb Code     0  startup_stm32f103xb.o(.text)
    I2C1_EV_IRQHandler                       0x080001b7   Thumb Code     0  startup_stm32f103xb.o(.text)
    I2C2_ER_IRQHandler                       0x080001b7   Thumb Code     0  startup_stm32f103xb.o(.text)
    I2C2_EV_IRQHandler                       0x080001b7   Thumb Code     0  startup_stm32f103xb.o(.text)
    PVD_IRQHandler                           0x080001b7   Thumb Code     0  startup_stm32f103xb.o(.text)
    RCC_IRQHandler                           0x080001b7   Thumb Code     0  startup_stm32f103xb.o(.text)
    RTC_Alarm_IRQHandler                     0x080001b7   Thumb Code     0  startup_stm32f103xb.o(.text)
    RTC_IRQHandler                           0x080001b7   Thumb Code     0  startup_stm32f103xb.o(.text)
    SPI1_IRQHandler                          0x080001b7   Thumb Code     0  startup_stm32f103xb.o(.text)
    SPI2_IRQHandler                          0x080001b7   Thumb Code     0  startup_stm32f103xb.o(.text)
    TAMPER_IRQHandler                        0x080001b7   Thumb Code     0  startup_stm32f103xb.o(.text)
    TIM1_BRK_IRQHandler                      0x080001b7   Thumb Code     0  startup_stm32f103xb.o(.text)
    TIM1_CC_IRQHandler                       0x080001b7   Thumb Code     0  startup_stm32f103xb.o(.text)
    TIM1_TRG_COM_IRQHandler                  0x080001b7   Thumb Code     0  startup_stm32f103xb.o(.text)
    TIM2_IRQHandler                          0x080001b7   Thumb Code     0  startup_stm32f103xb.o(.text)
    TIM3_IRQHandler                          0x080001b7   Thumb Code     0  startup_stm32f103xb.o(.text)
    TIM4_IRQHandler                          0x080001b7   Thumb Code     0  startup_stm32f103xb.o(.text)
    USART1_IRQHandler                        0x080001b7   Thumb Code     0  startup_stm32f103xb.o(.text)
    USART2_IRQHandler                        0x080001b7   Thumb Code     0  startup_stm32f103xb.o(.text)
    USART3_IRQHandler                        0x080001b7   Thumb Code     0  startup_stm32f103xb.o(.text)
    USBWakeUp_IRQHandler                     0x080001b7   Thumb Code     0  startup_stm32f103xb.o(.text)
    USB_HP_CAN1_TX_IRQHandler                0x080001b7   Thumb Code     0  startup_stm32f103xb.o(.text)
    USB_LP_CAN1_RX0_IRQHandler               0x080001b7   Thumb Code     0  startup_stm32f103xb.o(.text)
    WWDG_IRQHandler                          0x080001b7   Thumb Code     0  startup_stm32f103xb.o(.text)
    __aeabi_llsr                             0x080001c1   Thumb Code    32  llushr.o(.text)
    _ll_ushift_r                             0x080001c1   Thumb Code     0  llushr.o(.text)
    __aeabi_memcpy                           0x080001e1   Thumb Code    36  memcpya.o(.text)
    __aeabi_memcpy4                          0x080001e1   Thumb Code     0  memcpya.o(.text)
    __aeabi_memcpy8                          0x080001e1   Thumb Code     0  memcpya.o(.text)
    __aeabi_memset                           0x08000205   Thumb Code    14  memseta.o(.text)
    __aeabi_memset4                          0x08000205   Thumb Code     0  memseta.o(.text)
    __aeabi_memset8                          0x08000205   Thumb Code     0  memseta.o(.text)
    __aeabi_memclr                           0x08000213   Thumb Code     4  memseta.o(.text)
    __aeabi_memclr4                          0x08000213   Thumb Code     0  memseta.o(.text)
    __aeabi_memclr8                          0x08000213   Thumb Code     0  memseta.o(.text)
    memset                                   0x08000217   Thumb Code    18  memseta.o(.text)
    strstr                                   0x08000229   Thumb Code    36  strstr.o(.text)
    strlen                                   0x0800024d   Thumb Code    14  strlen.o(.text)
    strcpy                                   0x0800025b   Thumb Code    18  strcpy.o(.text)
    strncmp                                  0x0800026d   Thumb Code    30  strncmp.o(.text)
    __aeabi_uidiv                            0x0800028b   Thumb Code     0  uidiv.o(.text)
    __aeabi_uidivmod                         0x0800028b   Thumb Code    44  uidiv.o(.text)
    __aeabi_uldivmod                         0x080002b7   Thumb Code    98  uldiv.o(.text)
    __I$use$fp                               0x08000319   Thumb Code     0  iusefp.o(.text)
    __aeabi_dadd                             0x08000319   Thumb Code   322  dadd.o(.text)
    __aeabi_dsub                             0x0800045b   Thumb Code     6  dadd.o(.text)
    __aeabi_drsub                            0x08000461   Thumb Code     6  dadd.o(.text)
    __aeabi_dmul                             0x08000467   Thumb Code   228  dmul.o(.text)
    __aeabi_ddiv                             0x0800054b   Thumb Code   222  ddiv.o(.text)
    __aeabi_d2ulz                            0x08000629   Thumb Code    48  dfixul.o(.text)
    __aeabi_cdrcmple                         0x08000659   Thumb Code    48  cdrcmple.o(.text)
    __scatterload                            0x08000689   Thumb Code    28  init.o(.text)
    __scatterload_rt2                        0x08000689   Thumb Code     0  init.o(.text)
    __aeabi_llsl                             0x080006ad   Thumb Code    30  llshl.o(.text)
    _ll_shift_l                              0x080006ad   Thumb Code     0  llshl.o(.text)
    __aeabi_lasr                             0x080006cb   Thumb Code    36  llsshr.o(.text)
    _ll_sshift_r                             0x080006cb   Thumb Code     0  llsshr.o(.text)
    _double_round                            0x080006ef   Thumb Code    30  depilogue.o(.text)
    _double_epilogue                         0x0800070d   Thumb Code   156  depilogue.o(.text)
    App_Task_Dht11                           0x080007a9   Thumb Code    86  freertos.o(i.App_Task_Dht11)
    App_Task_Info                            0x08000851   Thumb Code   478  freertos.o(i.App_Task_Info)
    App_Task_LED                             0x08000bc9   Thumb Code    32  freertos.o(i.App_Task_LED)
    BusFault_Handler                         0x08000bed   Thumb Code     4  stm32f1xx_it.o(i.BusFault_Handler)
    DHT11_Check                              0x08000bf1   Thumb Code    86  dht11.o(i.DHT11_Check)
    DHT11_IO_IN                              0x08000c4d   Thumb Code    36  dht11.o(i.DHT11_IO_IN)
    DHT11_IO_OUT                             0x08000c75   Thumb Code    50  dht11.o(i.DHT11_IO_OUT)
    DHT11_RST                                0x08000cad   Thumb Code    42  dht11.o(i.DHT11_RST)
    DHT11_Read_Bit                           0x08000cdd   Thumb Code    86  dht11.o(i.DHT11_Read_Bit)
    DHT11_Read_Byte                          0x08000d39   Thumb Code    30  dht11.o(i.DHT11_Read_Byte)
    DHT11_Read_Data                          0x08000d57   Thumb Code    88  dht11.o(i.DHT11_Read_Data)
    DebugMon_Handler                         0x08000daf   Thumb Code     2  stm32f1xx_it.o(i.DebugMon_Handler)
    Delay_us                                 0x08000db1   Thumb Code    38  dht11.o(i.Delay_us)
    Error_Handler                            0x08000ddd   Thumb Code     6  main.o(i.Error_Handler)
    HAL_Delay                                0x08000de5   Thumb Code    36  stm32f1xx_hal.o(i.HAL_Delay)
    HAL_GPIO_Init                            0x08000e0d   Thumb Code   766  stm32f1xx_hal_gpio.o(i.HAL_GPIO_Init)
    HAL_GPIO_ReadPin                         0x0800112d   Thumb Code    16  stm32f1xx_hal_gpio.o(i.HAL_GPIO_ReadPin)
    HAL_GPIO_TogglePin                       0x0800113d   Thumb Code    20  stm32f1xx_hal_gpio.o(i.HAL_GPIO_TogglePin)
    HAL_GPIO_WritePin                        0x08001151   Thumb Code    12  stm32f1xx_hal_gpio.o(i.HAL_GPIO_WritePin)
    HAL_GetTick                              0x0800115d   Thumb Code     6  stm32f1xx_hal.o(i.HAL_GetTick)
    HAL_IncTick                              0x08001169   Thumb Code    16  stm32f1xx_hal.o(i.HAL_IncTick)
    HAL_Init                                 0x08001181   Thumb Code    34  stm32f1xx_hal.o(i.HAL_Init)
    HAL_InitTick                             0x080011a9   Thumb Code   138  stm32f1xx_hal_timebase_tim.o(i.HAL_InitTick)
    HAL_MspInit                              0x08001249   Thumb Code    86  stm32f1xx_hal_msp.o(i.HAL_MspInit)
    HAL_NVIC_EnableIRQ                       0x080012a9   Thumb Code    32  stm32f1xx_hal_cortex.o(i.HAL_NVIC_EnableIRQ)
    HAL_NVIC_SetPriority                     0x080012c9   Thumb Code   124  stm32f1xx_hal_cortex.o(i.HAL_NVIC_SetPriority)
    HAL_NVIC_SetPriorityGrouping             0x08001345   Thumb Code    32  stm32f1xx_hal_cortex.o(i.HAL_NVIC_SetPriorityGrouping)
    HAL_RCC_ClockConfig                      0x0800136d   Thumb Code   376  stm32f1xx_hal_rcc.o(i.HAL_RCC_ClockConfig)
    HAL_RCC_GetClockConfig                   0x080014f9   Thumb Code    58  stm32f1xx_hal_rcc.o(i.HAL_RCC_GetClockConfig)
    HAL_RCC_GetHCLKFreq                      0x0800153d   Thumb Code     6  stm32f1xx_hal_rcc.o(i.HAL_RCC_GetHCLKFreq)
    HAL_RCC_GetPCLK1Freq                     0x08001549   Thumb Code    22  stm32f1xx_hal_rcc.o(i.HAL_RCC_GetPCLK1Freq)
    HAL_RCC_GetPCLK2Freq                     0x08001569   Thumb Code    22  stm32f1xx_hal_rcc.o(i.HAL_RCC_GetPCLK2Freq)
    HAL_RCC_GetSysClockFreq                  0x08001589   Thumb Code   116  stm32f1xx_hal_rcc.o(i.HAL_RCC_GetSysClockFreq)
    HAL_RCC_OscConfig                        0x0800161d   Thumb Code  1114  stm32f1xx_hal_rcc.o(i.HAL_RCC_OscConfig)
    HAL_TIMEx_BreakCallback                  0x08001a81   Thumb Code     2  stm32f1xx_hal_tim_ex.o(i.HAL_TIMEx_BreakCallback)
    HAL_TIMEx_CommutCallback                 0x08001a83   Thumb Code     2  stm32f1xx_hal_tim_ex.o(i.HAL_TIMEx_CommutCallback)
    HAL_TIMEx_MasterConfigSynchronization    0x08001a85   Thumb Code   118  stm32f1xx_hal_tim_ex.o(i.HAL_TIMEx_MasterConfigSynchronization)
    HAL_TIM_Base_Init                        0x08001b09   Thumb Code   102  stm32f1xx_hal_tim.o(i.HAL_TIM_Base_Init)
    HAL_TIM_Base_MspInit                     0x08001b71   Thumb Code    40  tim.o(i.HAL_TIM_Base_MspInit)
    HAL_TIM_Base_Start                       0x08001ba1   Thumb Code    94  stm32f1xx_hal_tim.o(i.HAL_TIM_Base_Start)
    HAL_TIM_Base_Start_IT                    0x08001c0d   Thumb Code   106  stm32f1xx_hal_tim.o(i.HAL_TIM_Base_Start_IT)
    HAL_TIM_Base_Stop                        0x08001c85   Thumb Code    50  stm32f1xx_hal_tim.o(i.HAL_TIM_Base_Stop)
    HAL_TIM_ConfigClockSource                0x08001cb7   Thumb Code   264  stm32f1xx_hal_tim.o(i.HAL_TIM_ConfigClockSource)
    HAL_TIM_IC_CaptureCallback               0x08001dbf   Thumb Code     2  stm32f1xx_hal_tim.o(i.HAL_TIM_IC_CaptureCallback)
    HAL_TIM_IRQHandler                       0x08001dc1   Thumb Code   406  stm32f1xx_hal_tim.o(i.HAL_TIM_IRQHandler)
    HAL_TIM_OC_DelayElapsedCallback          0x08001f57   Thumb Code     2  stm32f1xx_hal_tim.o(i.HAL_TIM_OC_DelayElapsedCallback)
    HAL_TIM_PWM_PulseFinishedCallback        0x08001f59   Thumb Code     2  stm32f1xx_hal_tim.o(i.HAL_TIM_PWM_PulseFinishedCallback)
    HAL_TIM_PeriodElapsedCallback            0x08001f5d   Thumb Code    18  main.o(i.HAL_TIM_PeriodElapsedCallback)
    HAL_TIM_TriggerCallback                  0x08001f75   Thumb Code     2  stm32f1xx_hal_tim.o(i.HAL_TIM_TriggerCallback)
    HAL_UART_Init                            0x08001f77   Thumb Code   114  stm32f1xx_hal_uart.o(i.HAL_UART_Init)
    HAL_UART_MspInit                         0x08001fe9   Thumb Code   224  usart.o(i.HAL_UART_MspInit)
    HAL_UART_Transmit                        0x080020d9   Thumb Code   210  stm32f1xx_hal_uart.o(i.HAL_UART_Transmit)
    HardFault_Handler                        0x080021ab   Thumb Code     4  stm32f1xx_it.o(i.HardFault_Handler)
    MX_FREERTOS_Init                         0x080021b1   Thumb Code    46  freertos.o(i.MX_FREERTOS_Init)
    MX_GPIO_Init                             0x08002205   Thumb Code   184  gpio.o(i.MX_GPIO_Init)
    MX_TIM4_Init                             0x080022c9   Thumb Code   100  tim.o(i.MX_TIM4_Init)
    MX_USART1_UART_Init                      0x08002335   Thumb Code    46  usart.o(i.MX_USART1_UART_Init)
    MX_USART2_UART_Init                      0x0800236d   Thumb Code    46  usart.o(i.MX_USART2_UART_Init)
    MemManage_Handler                        0x080023a5   Thumb Code     4  stm32f1xx_it.o(i.MemManage_Handler)
    NMI_Handler                              0x080023a9   Thumb Code     4  stm32f1xx_it.o(i.NMI_Handler)
    SysTick_Handler                          0x080023d5   Thumb Code    46  port.o(i.SysTick_Handler)
    SystemClock_Config                       0x08002409   Thumb Code   102  main.o(i.SystemClock_Config)
    SystemInit                               0x0800246f   Thumb Code     2  system_stm32f1xx.o(i.SystemInit)
    TIM1_UP_IRQHandler                       0x08002471   Thumb Code    10  stm32f1xx_it.o(i.TIM1_UP_IRQHandler)
    TIM_Base_SetConfig                       0x08002481   Thumb Code   104  stm32f1xx_hal_tim.o(i.TIM_Base_SetConfig)
    TIM_ETR_SetConfig                        0x080024f5   Thumb Code    22  stm32f1xx_hal_tim.o(i.TIM_ETR_SetConfig)
    UsageFault_Handler                       0x080026d5   Thumb Code     4  stm32f1xx_it.o(i.UsageFault_Handler)
    __0printf                                0x080026d9   Thumb Code    22  printfa.o(i.__0printf)
    __1printf                                0x080026d9   Thumb Code     0  printfa.o(i.__0printf)
    __2printf                                0x080026d9   Thumb Code     0  printfa.o(i.__0printf)
    __c89printf                              0x080026d9   Thumb Code     0  printfa.o(i.__0printf)
    printf                                   0x080026d9   Thumb Code     0  printfa.o(i.__0printf)
    __0snprintf                              0x080026f9   Thumb Code    48  printfa.o(i.__0snprintf)
    __1snprintf                              0x080026f9   Thumb Code     0  printfa.o(i.__0snprintf)
    __2snprintf                              0x080026f9   Thumb Code     0  printfa.o(i.__0snprintf)
    __c89snprintf                            0x080026f9   Thumb Code     0  printfa.o(i.__0snprintf)
    snprintf                                 0x080026f9   Thumb Code     0  printfa.o(i.__0snprintf)
    __0sprintf                               0x0800272d   Thumb Code    34  printfa.o(i.__0sprintf)
    __1sprintf                               0x0800272d   Thumb Code     0  printfa.o(i.__0sprintf)
    __2sprintf                               0x0800272d   Thumb Code     0  printfa.o(i.__0sprintf)
    __c89sprintf                             0x0800272d   Thumb Code     0  printfa.o(i.__0sprintf)
    sprintf                                  0x0800272d   Thumb Code     0  printfa.o(i.__0sprintf)
    __0vsnprintf                             0x08002755   Thumb Code    46  printfa.o(i.__0vsnprintf)
    __1vsnprintf                             0x08002755   Thumb Code     0  printfa.o(i.__0vsnprintf)
    __2vsnprintf                             0x08002755   Thumb Code     0  printfa.o(i.__0vsnprintf)
    __c89vsnprintf                           0x08002755   Thumb Code     0  printfa.o(i.__0vsnprintf)
    vsnprintf                                0x08002755   Thumb Code     0  printfa.o(i.__0vsnprintf)
    __scatterload_copy                       0x080027d3   Thumb Code    14  handlers.o(i.__scatterload_copy)
    __scatterload_null                       0x080027e1   Thumb Code     2  handlers.o(i.__scatterload_null)
    __scatterload_zeroinit                   0x080027e3   Thumb Code    14  handlers.o(i.__scatterload_zeroinit)
    eTaskGetState                            0x0800309d   Thumb Code   112  tasks.o(i.eTaskGetState)
    elog_get_filter_tag_lvl                  0x08003121   Thumb Code   164  elog.o(i.elog_get_filter_tag_lvl)
    elog_init                                0x0800322d   Thumb Code    76  elog.o(i.elog_init)
    elog_output                              0x0800327d   Thumb Code   820  elog.o(i.elog_output)
    elog_output_lock                         0x08003659   Thumb Code    34  elog.o(i.elog_output_lock)
    elog_output_lock_enabled                 0x08003681   Thumb Code    60  elog.o(i.elog_output_lock_enabled)
    elog_output_unlock                       0x080036c1   Thumb Code    34  elog.o(i.elog_output_unlock)
    elog_port_get_p_info                     0x080036e9   Thumb Code     4  elog_port.o(i.elog_port_get_p_info)
    elog_port_get_t_info                     0x080036f1   Thumb Code     4  elog_port.o(i.elog_port_get_t_info)
    elog_port_get_time                       0x080036f9   Thumb Code     4  elog_port.o(i.elog_port_get_time)
    elog_port_init                           0x08003701   Thumb Code     4  elog_port.o(i.elog_port_init)
    elog_port_output                         0x08003705   Thumb Code    18  elog_port.o(i.elog_port_output)
    elog_port_output_lock                    0x08003721   Thumb Code     2  elog_port.o(i.elog_port_output_lock)
    elog_port_output_unlock                  0x08003723   Thumb Code     2  elog_port.o(i.elog_port_output_unlock)
    elog_set_filter_lvl                      0x08003725   Thumb Code    76  elog.o(i.elog_set_filter_lvl)
    elog_set_fmt                             0x0800381d   Thumb Code    80  elog.o(i.elog_set_fmt)
    elog_set_output_enabled                  0x080038dd   Thumb Code    82  elog.o(i.elog_set_output_enabled)
    elog_set_text_color_enabled              0x080039ad   Thumb Code    82  elog.o(i.elog_set_text_color_enabled)
    elog_start                               0x08003a7d   Thumb Code    46  elog.o(i.elog_start)
    elog_strcpy                              0x08003b09   Thumb Code   162  elog_utils.o(i.elog_strcpy)
    fputc                                    0x08003c09   Thumb Code    20  main.o(i.fputc)
    main                                     0x08003ced   Thumb Code    86  main.o(i.main)
    osDelay                                  0x08003d7d   Thumb Code    50  cmsis_os2.o(i.osDelay)
    osKernelInitialize                       0x08003db5   Thumb Code    58  cmsis_os2.o(i.osKernelInitialize)
    osKernelStart                            0x08003df5   Thumb Code    64  cmsis_os2.o(i.osKernelStart)
    osThreadNew                              0x08003e39   Thumb Code   216  cmsis_os2.o(i.osThreadNew)
    pvPortMalloc                             0x08004991   Thumb Code   296  heap_4.o(i.pvPortMalloc)
    pxPortInitialiseStack                    0x08004acd   Thumb Code    30  port.o(i.pxPortInitialiseStack)
    uxListRemove                             0x08004af1   Thumb Code    40  list.o(i.uxListRemove)
    uxTaskGetNumberOfTasks                   0x08004b19   Thumb Code     6  tasks.o(i.uxTaskGetNumberOfTasks)
    uxTaskGetStackHighWaterMark              0x08004b25   Thumb Code    34  tasks.o(i.uxTaskGetStackHighWaterMark)
    uxTaskGetSystemState                     0x08004b4d   Thumb Code   152  tasks.o(i.uxTaskGetSystemState)
    vApplicationGetIdleTaskMemory            0x08004bfd   Thumb Code    14  cmsis_os2.o(i.vApplicationGetIdleTaskMemory)
    vApplicationGetTimerTaskMemory           0x08004c15   Thumb Code    16  cmsis_os2.o(i.vApplicationGetTimerTaskMemory)
    vListInitialise                          0x08004c2d   Thumb Code    26  list.o(i.vListInitialise)
    vListInitialiseItem                      0x08004c47   Thumb Code     6  list.o(i.vListInitialiseItem)
    vListInsert                              0x08004c4d   Thumb Code    52  list.o(i.vListInsert)
    vListInsertEnd                           0x08004c81   Thumb Code    24  list.o(i.vListInsertEnd)
    vPortEnterCritical                       0x08004c99   Thumb Code    76  port.o(i.vPortEnterCritical)
    vPortExitCritical                        0x08004ced   Thumb Code    56  port.o(i.vPortExitCritical)
    vPortFree                                0x08004d29   Thumb Code   140  heap_4.o(i.vPortFree)
    vPortSetupTimerInterrupt                 0x08004dbd   Thumb Code    36  port.o(i.vPortSetupTimerInterrupt)
    vPortValidateInterruptPriority           0x08004de5   Thumb Code   106  port.o(i.vPortValidateInterruptPriority)
    vQueueAddToRegistry                      0x08004e5d   Thumb Code    38  queue.o(i.vQueueAddToRegistry)
    vQueueWaitForMessageRestricted           0x08004e89   Thumb Code    74  queue.o(i.vQueueWaitForMessageRestricted)
    vTaskDelay                               0x08004ed5   Thumb Code    82  tasks.o(i.vTaskDelay)
    vTaskDelayUntil                          0x08004f31   Thumb Code   200  tasks.o(i.vTaskDelayUntil)
    vTaskDelete                              0x08005005   Thumb Code   168  tasks.o(i.vTaskDelete)
    vTaskGetInfo                             0x080050cd   Thumb Code   126  tasks.o(i.vTaskGetInfo)
    vTaskInternalSetTimeOutState             0x08005151   Thumb Code    14  tasks.o(i.vTaskInternalSetTimeOutState)
    vTaskList                                0x08005169   Thumb Code   204  tasks.o(i.vTaskList)
    vTaskMissedYield                         0x08005249   Thumb Code     8  tasks.o(i.vTaskMissedYield)
    vTaskPlaceOnEventList                    0x08005255   Thumb Code    52  tasks.o(i.vTaskPlaceOnEventList)
    vTaskPlaceOnEventListRestricted          0x0800528d   Thumb Code    60  tasks.o(i.vTaskPlaceOnEventListRestricted)
    vTaskStartScheduler                      0x080052cd   Thumb Code   156  tasks.o(i.vTaskStartScheduler)
    vTaskSuspendAll                          0x08005385   Thumb Code    12  tasks.o(i.vTaskSuspendAll)
    vTaskSwitchContext                       0x08005395   Thumb Code   122  tasks.o(i.vTaskSwitchContext)
    xPortStartScheduler                      0x08005425   Thumb Code   228  port.o(i.xPortStartScheduler)
    xQueueGenericCreateStatic                0x0800551d   Thumb Code   222  queue.o(i.xQueueGenericCreateStatic)
    xQueueGenericReset                       0x080055fd   Thumb Code   146  queue.o(i.xQueueGenericReset)
    xQueueGenericSend                        0x08005695   Thumb Code   420  queue.o(i.xQueueGenericSend)
    xQueueGenericSendFromISR                 0x0800583d   Thumb Code   248  queue.o(i.xQueueGenericSendFromISR)
    xQueueReceive                            0x08005935   Thumb Code   356  queue.o(i.xQueueReceive)
    xTaskCheckForTimeOut                     0x08005a9d   Thumb Code   132  tasks.o(i.xTaskCheckForTimeOut)
    xTaskCreate                              0x08005b29   Thumb Code   100  tasks.o(i.xTaskCreate)
    xTaskCreateStatic                        0x08005b8d   Thumb Code   184  tasks.o(i.xTaskCreateStatic)
    xTaskGetIdleTaskHandle                   0x08005c45   Thumb Code    42  tasks.o(i.xTaskGetIdleTaskHandle)
    xTaskGetSchedulerState                   0x08005c75   Thumb Code    24  tasks.o(i.xTaskGetSchedulerState)
    xTaskGetTickCount                        0x08005c95   Thumb Code     6  tasks.o(i.xTaskGetTickCount)
    xTaskIncrementTick                       0x08005ca1   Thumb Code   280  tasks.o(i.xTaskIncrementTick)
    xTaskPriorityDisinherit                  0x08005de5   Thumb Code   152  tasks.o(i.xTaskPriorityDisinherit)
    xTaskRemoveFromEventList                 0x08005e89   Thumb Code   126  tasks.o(i.xTaskRemoveFromEventList)
    xTaskResumeAll                           0x08005f21   Thumb Code   222  tasks.o(i.xTaskResumeAll)
    xTimerCreateTimerTask                    0x08006025   Thumb Code   100  timers.o(i.xTimerCreateTimerTask)
    xTimerGenericCommand                     0x0800609d   Thumb Code   128  timers.o(i.xTimerGenericCommand)
    Task_Dht11_attributes                    0x08006128   Data          36  freertos.o(.constdata)
    Task_LED_attributes                      0x0800614c   Data          36  freertos.o(.constdata)
    Task_Info_attributes                     0x08006170   Data          36  freertos.o(.constdata)
    AHBPrescTable                            0x080061b1   Data          16  system_stm32f1xx.o(.constdata)
    APBPrescTable                            0x080061c1   Data           8  system_stm32f1xx.o(.constdata)
    Region$$Table$$Base                      0x0800633c   Number         0  anon$$obj.o(Region$$Table)
    Region$$Table$$Limit                     0x0800635c   Number         0  anon$$obj.o(Region$$Table)
    g_htsensor                               0x20000000   Data           2  freertos.o(.data)
    Task_Dht11Handle                         0x20000004   Data           4  freertos.o(.data)
    Task_LEDHandle                           0x20000008   Data           4  freertos.o(.data)
    Task_InfoHandle                          0x2000000c   Data           4  freertos.o(.data)
    uwTick                                   0x20000010   Data           4  stm32f1xx_hal.o(.data)
    uwTickPrio                               0x20000014   Data           4  stm32f1xx_hal.o(.data)
    uwTickFreq                               0x20000018   Data           1  stm32f1xx_hal.o(.data)
    SystemCoreClock                          0x2000001c   Data           4  system_stm32f1xx.o(.data)
    pxCurrentTCB                             0x20000020   Data           4  tasks.o(.data)
    elog_assert_hook                         0x200000c8   Data           4  elog.o(.data)
    __stdout                                 0x200000cc   Data           4  stdout.o(.data)
    htim4                                    0x200000d0   Data          72  tim.o(.bss)
    huart1                                   0x20000118   Data          68  usart.o(.bss)
    huart2                                   0x2000015c   Data          68  usart.o(.bss)
    htim1                                    0x200001a0   Data          72  stm32f1xx_hal_timebase_tim.o(.bss)
    xQueueRegistry                           0x200001e8   Data          64  queue.o(.bss)
    __initial_sp                             0x200023b8   Data           0  startup_stm32f103xb.o(STACK)



==============================================================================

Memory Map of the image

  Image Entry point : 0x080000ed

  Load Region LR_IROM1 (Base: 0x08000000, Size: 0x0000642c, Max: 0x00010000, ABSOLUTE)

    Execution Region ER_IROM1 (Exec base: 0x08000000, Load base: 0x08000000, Size: 0x0000635c, Max: 0x00010000, ABSOLUTE)

    Exec Addr    Load Addr    Size         Type   Attr      Idx    E Section Name        Object

    0x08000000   0x08000000   0x000000ec   Data   RO            3    RESET               startup_stm32f103xb.o
    0x080000ec   0x080000ec   0x00000000   Code   RO         4988  * .ARM.Collect$$$$00000000  mc_w.l(entry.o)
    0x080000ec   0x080000ec   0x00000004   Code   RO         5277    .ARM.Collect$$$$00000001  mc_w.l(entry2.o)
    0x080000f0   0x080000f0   0x00000004   Code   RO         5280    .ARM.Collect$$$$00000004  mc_w.l(entry5.o)
    0x080000f4   0x080000f4   0x00000000   Code   RO         5282    .ARM.Collect$$$$00000008  mc_w.l(entry7b.o)
    0x080000f4   0x080000f4   0x00000000   Code   RO         5284    .ARM.Collect$$$$0000000A  mc_w.l(entry8b.o)
    0x080000f4   0x080000f4   0x00000008   Code   RO         5285    .ARM.Collect$$$$0000000B  mc_w.l(entry9a.o)
    0x080000fc   0x080000fc   0x00000004   Code   RO         5292    .ARM.Collect$$$$0000000E  mc_w.l(entry12b.o)
    0x08000100   0x08000100   0x00000000   Code   RO         5287    .ARM.Collect$$$$0000000F  mc_w.l(entry10a.o)
    0x08000100   0x08000100   0x00000000   Code   RO         5289    .ARM.Collect$$$$00000011  mc_w.l(entry11a.o)
    0x08000100   0x08000100   0x00000004   Code   RO         5278    .ARM.Collect$$$$00002712  mc_w.l(entry2.o)
    0x08000104   0x08000104   0x00000096   Code   RO         4550    .emb_text           port.o
    0x0800019a   0x0800019a   0x00000002   PAD
    0x0800019c   0x0800019c   0x00000024   Code   RO            4    .text               startup_stm32f103xb.o
    0x080001c0   0x080001c0   0x00000020   Code   RO         4994    .text               mc_w.l(llushr.o)
    0x080001e0   0x080001e0   0x00000024   Code   RO         4996    .text               mc_w.l(memcpya.o)
    0x08000204   0x08000204   0x00000024   Code   RO         5000    .text               mc_w.l(memseta.o)
    0x08000228   0x08000228   0x00000024   Code   RO         5002    .text               mc_w.l(strstr.o)
    0x0800024c   0x0800024c   0x0000000e   Code   RO         5006    .text               mc_w.l(strlen.o)
    0x0800025a   0x0800025a   0x00000012   Code   RO         5010    .text               mc_w.l(strcpy.o)
    0x0800026c   0x0800026c   0x0000001e   Code   RO         5012    .text               mc_w.l(strncmp.o)
    0x0800028a   0x0800028a   0x0000002c   Code   RO         5293    .text               mc_w.l(uidiv.o)
    0x080002b6   0x080002b6   0x00000062   Code   RO         5295    .text               mc_w.l(uldiv.o)
    0x08000318   0x08000318   0x00000000   Code   RO         5297    .text               mc_w.l(iusefp.o)
    0x08000318   0x08000318   0x0000014e   Code   RO         5298    .text               mf_w.l(dadd.o)
    0x08000466   0x08000466   0x000000e4   Code   RO         5300    .text               mf_w.l(dmul.o)
    0x0800054a   0x0800054a   0x000000de   Code   RO         5302    .text               mf_w.l(ddiv.o)
    0x08000628   0x08000628   0x00000030   Code   RO         5304    .text               mf_w.l(dfixul.o)
    0x08000658   0x08000658   0x00000030   Code   RO         5306    .text               mf_w.l(cdrcmple.o)
    0x08000688   0x08000688   0x00000024   Code   RO         5308    .text               mc_w.l(init.o)
    0x080006ac   0x080006ac   0x0000001e   Code   RO         5310    .text               mc_w.l(llshl.o)
    0x080006ca   0x080006ca   0x00000024   Code   RO         5312    .text               mc_w.l(llsshr.o)
    0x080006ee   0x080006ee   0x000000ba   Code   RO         5314    .text               mf_w.l(depilogue.o)
    0x080007a8   0x080007a8   0x000000a8   Code   RO          228    i.App_Task_Dht11    freertos.o
    0x08000850   0x08000850   0x00000378   Code   RO          229    i.App_Task_Info     freertos.o
    0x08000bc8   0x08000bc8   0x00000024   Code   RO          230    i.App_Task_LED      freertos.o
    0x08000bec   0x08000bec   0x00000004   Code   RO          387    i.BusFault_Handler  stm32f1xx_it.o
    0x08000bf0   0x08000bf0   0x0000005c   Code   RO         4648    i.DHT11_Check       dht11.o
    0x08000c4c   0x08000c4c   0x00000028   Code   RO         4649    i.DHT11_IO_IN       dht11.o
    0x08000c74   0x08000c74   0x00000038   Code   RO         4650    i.DHT11_IO_OUT      dht11.o
    0x08000cac   0x08000cac   0x00000030   Code   RO         4651    i.DHT11_RST         dht11.o
    0x08000cdc   0x08000cdc   0x0000005c   Code   RO         4652    i.DHT11_Read_Bit    dht11.o
    0x08000d38   0x08000d38   0x0000001e   Code   RO         4653    i.DHT11_Read_Byte   dht11.o
    0x08000d56   0x08000d56   0x00000058   Code   RO         4654    i.DHT11_Read_Data   dht11.o
    0x08000dae   0x08000dae   0x00000002   Code   RO          388    i.DebugMon_Handler  stm32f1xx_it.o
    0x08000db0   0x08000db0   0x0000002c   Code   RO         4655    i.Delay_us          dht11.o
    0x08000ddc   0x08000ddc   0x00000006   Code   RO           13    i.Error_Handler     main.o
    0x08000de2   0x08000de2   0x00000002   PAD
    0x08000de4   0x08000de4   0x00000028   Code   RO          557    i.HAL_Delay         stm32f1xx_hal.o
    0x08000e0c   0x08000e0c   0x00000320   Code   RO          870    i.HAL_GPIO_Init     stm32f1xx_hal_gpio.o
    0x0800112c   0x0800112c   0x00000010   Code   RO          872    i.HAL_GPIO_ReadPin  stm32f1xx_hal_gpio.o
    0x0800113c   0x0800113c   0x00000014   Code   RO          873    i.HAL_GPIO_TogglePin  stm32f1xx_hal_gpio.o
    0x08001150   0x08001150   0x0000000c   Code   RO          874    i.HAL_GPIO_WritePin  stm32f1xx_hal_gpio.o
    0x0800115c   0x0800115c   0x0000000c   Code   RO          561    i.HAL_GetTick       stm32f1xx_hal.o
    0x08001168   0x08001168   0x00000018   Code   RO          567    i.HAL_IncTick       stm32f1xx_hal.o
    0x08001180   0x08001180   0x00000028   Code   RO          568    i.HAL_Init          stm32f1xx_hal.o
    0x080011a8   0x080011a8   0x000000a0   Code   RO          475    i.HAL_InitTick      stm32f1xx_hal_timebase_tim.o
    0x08001248   0x08001248   0x00000060   Code   RO          451    i.HAL_MspInit       stm32f1xx_hal_msp.o
    0x080012a8   0x080012a8   0x00000020   Code   RO         1030    i.HAL_NVIC_EnableIRQ  stm32f1xx_hal_cortex.o
    0x080012c8   0x080012c8   0x0000007c   Code   RO         1036    i.HAL_NVIC_SetPriority  stm32f1xx_hal_cortex.o
    0x08001344   0x08001344   0x00000028   Code   RO         1037    i.HAL_NVIC_SetPriorityGrouping  stm32f1xx_hal_cortex.o
    0x0800136c   0x0800136c   0x0000018c   Code   RO          725    i.HAL_RCC_ClockConfig  stm32f1xx_hal_rcc.o
    0x080014f8   0x080014f8   0x00000044   Code   RO          729    i.HAL_RCC_GetClockConfig  stm32f1xx_hal_rcc.o
    0x0800153c   0x0800153c   0x0000000c   Code   RO          730    i.HAL_RCC_GetHCLKFreq  stm32f1xx_hal_rcc.o
    0x08001548   0x08001548   0x00000020   Code   RO          732    i.HAL_RCC_GetPCLK1Freq  stm32f1xx_hal_rcc.o
    0x08001568   0x08001568   0x00000020   Code   RO          733    i.HAL_RCC_GetPCLK2Freq  stm32f1xx_hal_rcc.o
    0x08001588   0x08001588   0x00000094   Code   RO          734    i.HAL_RCC_GetSysClockFreq  stm32f1xx_hal_rcc.o
    0x0800161c   0x0800161c   0x00000464   Code   RO          737    i.HAL_RCC_OscConfig  stm32f1xx_hal_rcc.o
    0x08001a80   0x08001a80   0x00000002   Code   RO         2273    i.HAL_TIMEx_BreakCallback  stm32f1xx_hal_tim_ex.o
    0x08001a82   0x08001a82   0x00000002   Code   RO         2274    i.HAL_TIMEx_CommutCallback  stm32f1xx_hal_tim_ex.o
    0x08001a84   0x08001a84   0x00000084   Code   RO         2292    i.HAL_TIMEx_MasterConfigSynchronization  stm32f1xx_hal_tim_ex.o
    0x08001b08   0x08001b08   0x00000066   Code   RO         1558    i.HAL_TIM_Base_Init  stm32f1xx_hal_tim.o
    0x08001b6e   0x08001b6e   0x00000002   PAD
    0x08001b70   0x08001b70   0x00000030   Code   RO          296    i.HAL_TIM_Base_MspInit  tim.o
    0x08001ba0   0x08001ba0   0x0000006c   Code   RO         1561    i.HAL_TIM_Base_Start  stm32f1xx_hal_tim.o
    0x08001c0c   0x08001c0c   0x00000078   Code   RO         1563    i.HAL_TIM_Base_Start_IT  stm32f1xx_hal_tim.o
    0x08001c84   0x08001c84   0x00000032   Code   RO         1564    i.HAL_TIM_Base_Stop  stm32f1xx_hal_tim.o
    0x08001cb6   0x08001cb6   0x00000108   Code   RO         1567    i.HAL_TIM_ConfigClockSource  stm32f1xx_hal_tim.o
    0x08001dbe   0x08001dbe   0x00000002   Code   RO         1592    i.HAL_TIM_IC_CaptureCallback  stm32f1xx_hal_tim.o
    0x08001dc0   0x08001dc0   0x00000196   Code   RO         1606    i.HAL_TIM_IRQHandler  stm32f1xx_hal_tim.o
    0x08001f56   0x08001f56   0x00000002   Code   RO         1609    i.HAL_TIM_OC_DelayElapsedCallback  stm32f1xx_hal_tim.o
    0x08001f58   0x08001f58   0x00000002   Code   RO         1636    i.HAL_TIM_PWM_PulseFinishedCallback  stm32f1xx_hal_tim.o
    0x08001f5a   0x08001f5a   0x00000002   PAD
    0x08001f5c   0x08001f5c   0x00000018   Code   RO           14    i.HAL_TIM_PeriodElapsedCallback  main.o
    0x08001f74   0x08001f74   0x00000002   Code   RO         1649    i.HAL_TIM_TriggerCallback  stm32f1xx_hal_tim.o
    0x08001f76   0x08001f76   0x00000072   Code   RO         2569    i.HAL_UART_Init     stm32f1xx_hal_uart.o
    0x08001fe8   0x08001fe8   0x000000f0   Code   RO          339    i.HAL_UART_MspInit  usart.o
    0x080020d8   0x080020d8   0x000000d2   Code   RO         2577    i.HAL_UART_Transmit  stm32f1xx_hal_uart.o
    0x080021aa   0x080021aa   0x00000004   Code   RO          389    i.HardFault_Handler  stm32f1xx_it.o
    0x080021ae   0x080021ae   0x00000002   PAD
    0x080021b0   0x080021b0   0x00000054   Code   RO          231    i.MX_FREERTOS_Init  freertos.o
    0x08002204   0x08002204   0x000000c4   Code   RO          204    i.MX_GPIO_Init      gpio.o
    0x080022c8   0x080022c8   0x0000006c   Code   RO          297    i.MX_TIM4_Init      tim.o
    0x08002334   0x08002334   0x00000038   Code   RO          340    i.MX_USART1_UART_Init  usart.o
    0x0800236c   0x0800236c   0x00000038   Code   RO          341    i.MX_USART2_UART_Init  usart.o
    0x080023a4   0x080023a4   0x00000004   Code   RO          390    i.MemManage_Handler  stm32f1xx_it.o
    0x080023a8   0x080023a8   0x00000004   Code   RO          391    i.NMI_Handler       stm32f1xx_it.o
    0x080023ac   0x080023ac   0x00000028   Code   RO          738    i.RCC_Delay         stm32f1xx_hal_rcc.o
    0x080023d4   0x080023d4   0x00000034   Code   RO         4551    i.SysTick_Handler   port.o
    0x08002408   0x08002408   0x00000066   Code   RO           15    i.SystemClock_Config  main.o
    0x0800246e   0x0800246e   0x00000002   Code   RO         2908    i.SystemInit        system_stm32f1xx.o
    0x08002470   0x08002470   0x00000010   Code   RO          392    i.TIM1_UP_IRQHandler  stm32f1xx_it.o
    0x08002480   0x08002480   0x00000074   Code   RO         1651    i.TIM_Base_SetConfig  stm32f1xx_hal_tim.o
    0x080024f4   0x080024f4   0x00000016   Code   RO         1662    i.TIM_ETR_SetConfig  stm32f1xx_hal_tim.o
    0x0800250a   0x0800250a   0x00000012   Code   RO         1663    i.TIM_ITRx_SetConfig  stm32f1xx_hal_tim.o
    0x0800251c   0x0800251c   0x00000026   Code   RO         1669    i.TIM_TI1_ConfigInputStage  stm32f1xx_hal_tim.o
    0x08002542   0x08002542   0x00000028   Code   RO         1671    i.TIM_TI2_ConfigInputStage  stm32f1xx_hal_tim.o
    0x0800256a   0x0800256a   0x00000002   PAD
    0x0800256c   0x0800256c   0x000000fc   Code   RO         2596    i.UART_SetConfig    stm32f1xx_hal_uart.o
    0x08002668   0x08002668   0x0000006c   Code   RO         2600    i.UART_WaitOnFlagUntilTimeout  stm32f1xx_hal_uart.o
    0x080026d4   0x080026d4   0x00000004   Code   RO          393    i.UsageFault_Handler  stm32f1xx_it.o
    0x080026d8   0x080026d8   0x00000020   Code   RO         5249    i.__0printf         mc_w.l(printfa.o)
    0x080026f8   0x080026f8   0x00000034   Code   RO         5250    i.__0snprintf       mc_w.l(printfa.o)
    0x0800272c   0x0800272c   0x00000028   Code   RO         5251    i.__0sprintf        mc_w.l(printfa.o)
    0x08002754   0x08002754   0x00000034   Code   RO         5254    i.__0vsnprintf      mc_w.l(printfa.o)
    0x08002788   0x08002788   0x00000010   Code   RO         1043    i.__NVIC_GetPriorityGrouping  stm32f1xx_hal_cortex.o
    0x08002798   0x08002798   0x00000028   Code   RO         1044    i.__NVIC_SetPriority  stm32f1xx_hal_cortex.o
    0x080027c0   0x080027c0   0x00000006   Code   RO         4065    i.__get_BASEPRI     cmsis_os2.o
    0x080027c6   0x080027c6   0x00000006   Code   RO         4066    i.__get_IPSR        cmsis_os2.o
    0x080027cc   0x080027cc   0x00000006   Code   RO         4067    i.__get_PRIMASK     cmsis_os2.o
    0x080027d2   0x080027d2   0x0000000e   Code   RO         5318    i.__scatterload_copy  mc_w.l(handlers.o)
    0x080027e0   0x080027e0   0x00000002   Code   RO         5319    i.__scatterload_null  mc_w.l(handlers.o)
    0x080027e2   0x080027e2   0x0000000e   Code   RO         5320    i.__scatterload_zeroinit  mc_w.l(handlers.o)
    0x080027f0   0x080027f0   0x00000184   Code   RO         5256    i._fp_digits        mc_w.l(printfa.o)
    0x08002974   0x08002974   0x000006b4   Code   RO         5257    i._printf_core      mc_w.l(printfa.o)
    0x08003028   0x08003028   0x00000024   Code   RO         5258    i._printf_post_padding  mc_w.l(printfa.o)
    0x0800304c   0x0800304c   0x0000002e   Code   RO         5259    i._printf_pre_padding  mc_w.l(printfa.o)
    0x0800307a   0x0800307a   0x00000016   Code   RO         5260    i._snputc           mc_w.l(printfa.o)
    0x08003090   0x08003090   0x0000000a   Code   RO         5261    i._sputc            mc_w.l(printfa.o)
    0x0800309a   0x0800309a   0x00000002   PAD
    0x0800309c   0x0800309c   0x00000084   Code   RO         3517    i.eTaskGetState     tasks.o
    0x08003120   0x08003120   0x0000010c   Code   RO         4776    i.elog_get_filter_tag_lvl  elog.o
    0x0800322c   0x0800322c   0x00000050   Code   RO         4780    i.elog_init         elog.o
    0x0800327c   0x0800327c   0x000003dc   Code   RO         4781    i.elog_output       elog.o
    0x08003658   0x08003658   0x00000028   Code   RO         4782    i.elog_output_lock  elog.o
    0x08003680   0x08003680   0x00000040   Code   RO         4783    i.elog_output_lock_enabled  elog.o
    0x080036c0   0x080036c0   0x00000028   Code   RO         4784    i.elog_output_unlock  elog.o
    0x080036e8   0x080036e8   0x00000008   Code   RO         4715    i.elog_port_get_p_info  elog_port.o
    0x080036f0   0x080036f0   0x00000008   Code   RO         4716    i.elog_port_get_t_info  elog_port.o
    0x080036f8   0x080036f8   0x00000008   Code   RO         4717    i.elog_port_get_time  elog_port.o
    0x08003700   0x08003700   0x00000004   Code   RO         4718    i.elog_port_init    elog_port.o
    0x08003704   0x08003704   0x0000001c   Code   RO         4719    i.elog_port_output  elog_port.o
    0x08003720   0x08003720   0x00000002   Code   RO         4720    i.elog_port_output_lock  elog_port.o
    0x08003722   0x08003722   0x00000002   Code   RO         4721    i.elog_port_output_unlock  elog_port.o
    0x08003724   0x08003724   0x000000bc   Code   RO         4788    i.elog_set_filter_lvl  elog.o
    0x080037e0   0x080037e0   0x0000003c   Code   RO         4791    i.elog_set_filter_tag_lvl_default  elog.o
    0x0800381c   0x0800381c   0x000000c0   Code   RO         4792    i.elog_set_fmt      elog.o
    0x080038dc   0x080038dc   0x000000d0   Code   RO         4793    i.elog_set_output_enabled  elog.o
    0x080039ac   0x080039ac   0x000000d0   Code   RO         4794    i.elog_set_text_color_enabled  elog.o
    0x08003a7c   0x08003a7c   0x0000008c   Code   RO         4795    i.elog_start        elog.o
    0x08003b08   0x08003b08   0x00000100   Code   RO         4965    i.elog_strcpy       elog_utils.o
    0x08003c08   0x08003c08   0x00000018   Code   RO           16    i.fputc             main.o
    0x08003c20   0x08003c20   0x000000cc   Code   RO         4797    i.get_fmt_enabled   elog.o
    0x08003cec   0x08003cec   0x00000090   Code   RO           17    i.main              main.o
    0x08003d7c   0x08003d7c   0x00000038   Code   RO         4068    i.osDelay           cmsis_os2.o
    0x08003db4   0x08003db4   0x00000040   Code   RO         4082    i.osKernelInitialize  cmsis_os2.o
    0x08003df4   0x08003df4   0x00000044   Code   RO         4085    i.osKernelStart     cmsis_os2.o
    0x08003e38   0x08003e38   0x000000dc   Code   RO         4119    i.osThreadNew       cmsis_os2.o
    0x08003f14   0x08003f14   0x0000007c   Code   RO         3519    i.prvAddCurrentTaskToDelayedList  tasks.o
    0x08003f90   0x08003f90   0x000000b8   Code   RO         3520    i.prvAddNewTaskToReadyList  tasks.o
    0x08004048   0x08004048   0x00000074   Code   RO         3901    i.prvCheckForValidListAndQueue  timers.o
    0x080040bc   0x080040bc   0x00000048   Code   RO         3521    i.prvCheckTasksWaitingTermination  tasks.o
    0x08004104   0x08004104   0x0000002a   Code   RO         3112    i.prvCopyDataFromQueue  queue.o
    0x0800412e   0x0800412e   0x0000007c   Code   RO         3113    i.prvCopyDataToQueue  queue.o
    0x080041aa   0x080041aa   0x00000050   Code   RO         3522    i.prvDeleteTCB      tasks.o
    0x080041fa   0x080041fa   0x00000002   PAD
    0x080041fc   0x080041fc   0x00000028   Code   RO         3902    i.prvGetNextExpireTime  timers.o
    0x08004224   0x08004224   0x0000007c   Code   RO         4501    i.prvHeapInit       heap_4.o
    0x080042a0   0x080042a0   0x00000028   Code   RO         3523    i.prvIdleTask       tasks.o
    0x080042c8   0x080042c8   0x0000002a   Code   RO         3116    i.prvInitialiseNewQueue  queue.o
    0x080042f2   0x080042f2   0x000000b4   Code   RO         3524    i.prvInitialiseNewTask  tasks.o
    0x080043a6   0x080043a6   0x00000002   PAD
    0x080043a8   0x080043a8   0x00000068   Code   RO         3525    i.prvInitialiseTaskLists  tasks.o
    0x08004410   0x08004410   0x00000068   Code   RO         4502    i.prvInsertBlockIntoFreeList  heap_4.o
    0x08004478   0x08004478   0x00000058   Code   RO         3904    i.prvInsertTimerInActiveList  timers.o
    0x080044d0   0x080044d0   0x0000001a   Code   RO         3117    i.prvIsQueueEmpty   queue.o
    0x080044ea   0x080044ea   0x0000001e   Code   RO         3118    i.prvIsQueueFull    queue.o
    0x08004508   0x08004508   0x0000006a   Code   RO         3526    i.prvListTasksWithinSingleList  tasks.o
    0x08004572   0x08004572   0x00000002   PAD
    0x08004574   0x08004574   0x00000064   Code   RO         3905    i.prvProcessExpiredTimer  timers.o
    0x080045d8   0x080045d8   0x00000128   Code   RO         3906    i.prvProcessReceivedCommands  timers.o
    0x08004700   0x08004700   0x00000074   Code   RO         3907    i.prvProcessTimerOrBlockTask  timers.o
    0x08004774   0x08004774   0x00000034   Code   RO         3527    i.prvResetNextTaskUnblockTime  tasks.o
    0x080047a8   0x080047a8   0x0000002c   Code   RO         3908    i.prvSampleTimeNow  timers.o
    0x080047d4   0x080047d4   0x000000a0   Code   RO         3909    i.prvSwitchTimerLists  timers.o
    0x08004874   0x08004874   0x00000016   Code   RO         3528    i.prvTaskCheckFreeStackSpace  tasks.o
    0x0800488a   0x0800488a   0x00000002   PAD
    0x0800488c   0x0800488c   0x00000040   Code   RO         4552    i.prvTaskExitError  port.o
    0x080048cc   0x080048cc   0x0000001a   Code   RO         3910    i.prvTimerTask      timers.o
    0x080048e6   0x080048e6   0x0000007e   Code   RO         3119    i.prvUnlockQueue    queue.o
    0x08004964   0x08004964   0x0000002a   Code   RO         3530    i.prvWriteNameToBuffer  tasks.o
    0x0800498e   0x0800498e   0x00000002   PAD
    0x08004990   0x08004990   0x0000013c   Code   RO         4503    i.pvPortMalloc      heap_4.o
    0x08004acc   0x08004acc   0x00000024   Code   RO         4553    i.pxPortInitialiseStack  port.o
    0x08004af0   0x08004af0   0x00000028   Code   RO         3072    i.uxListRemove      list.o
    0x08004b18   0x08004b18   0x0000000c   Code   RO         3533    i.uxTaskGetNumberOfTasks  tasks.o
    0x08004b24   0x08004b24   0x00000028   Code   RO         3534    i.uxTaskGetStackHighWaterMark  tasks.o
    0x08004b4c   0x08004b4c   0x000000b0   Code   RO         3535    i.uxTaskGetSystemState  tasks.o
    0x08004bfc   0x08004bfc   0x00000018   Code   RO         4131    i.vApplicationGetIdleTaskMemory  cmsis_os2.o
    0x08004c14   0x08004c14   0x00000018   Code   RO         4132    i.vApplicationGetTimerTaskMemory  cmsis_os2.o
    0x08004c2c   0x08004c2c   0x0000001a   Code   RO         3073    i.vListInitialise   list.o
    0x08004c46   0x08004c46   0x00000006   Code   RO         3074    i.vListInitialiseItem  list.o
    0x08004c4c   0x08004c4c   0x00000034   Code   RO         3075    i.vListInsert       list.o
    0x08004c80   0x08004c80   0x00000018   Code   RO         3076    i.vListInsertEnd    list.o
    0x08004c98   0x08004c98   0x00000054   Code   RO         4555    i.vPortEnterCritical  port.o
    0x08004cec   0x08004cec   0x0000003c   Code   RO         4556    i.vPortExitCritical  port.o
    0x08004d28   0x08004d28   0x00000094   Code   RO         4504    i.vPortFree         heap_4.o
    0x08004dbc   0x08004dbc   0x00000028   Code   RO         4557    i.vPortSetupTimerInterrupt  port.o
    0x08004de4   0x08004de4   0x00000078   Code   RO         4558    i.vPortValidateInterruptPriority  port.o
    0x08004e5c   0x08004e5c   0x0000002c   Code   RO         3125    i.vQueueAddToRegistry  queue.o
    0x08004e88   0x08004e88   0x0000004a   Code   RO         3129    i.vQueueWaitForMessageRestricted  queue.o
    0x08004ed2   0x08004ed2   0x00000002   PAD
    0x08004ed4   0x08004ed4   0x0000005c   Code   RO         3540    i.vTaskDelay        tasks.o
    0x08004f30   0x08004f30   0x000000d4   Code   RO         3541    i.vTaskDelayUntil   tasks.o
    0x08005004   0x08005004   0x000000c8   Code   RO         3542    i.vTaskDelete       tasks.o
    0x080050cc   0x080050cc   0x00000084   Code   RO         3544    i.vTaskGetInfo      tasks.o
    0x08005150   0x08005150   0x00000018   Code   RO         3545    i.vTaskInternalSetTimeOutState  tasks.o
    0x08005168   0x08005168   0x000000e0   Code   RO         3546    i.vTaskList         tasks.o
    0x08005248   0x08005248   0x0000000c   Code   RO         3547    i.vTaskMissedYield  tasks.o
    0x08005254   0x08005254   0x00000038   Code   RO         3549    i.vTaskPlaceOnEventList  tasks.o
    0x0800528c   0x0800528c   0x00000040   Code   RO         3550    i.vTaskPlaceOnEventListRestricted  tasks.o
    0x080052cc   0x080052cc   0x000000b8   Code   RO         3558    i.vTaskStartScheduler  tasks.o
    0x08005384   0x08005384   0x00000010   Code   RO         3560    i.vTaskSuspendAll   tasks.o
    0x08005394   0x08005394   0x00000090   Code   RO         3561    i.vTaskSwitchContext  tasks.o
    0x08005424   0x08005424   0x000000f8   Code   RO         4559    i.xPortStartScheduler  port.o
    0x0800551c   0x0800551c   0x000000de   Code   RO         3135    i.xQueueGenericCreateStatic  queue.o
    0x080055fa   0x080055fa   0x00000002   PAD
    0x080055fc   0x080055fc   0x00000098   Code   RO         3136    i.xQueueGenericReset  queue.o
    0x08005694   0x08005694   0x000001a8   Code   RO         3137    i.xQueueGenericSend  queue.o
    0x0800583c   0x0800583c   0x000000f8   Code   RO         3138    i.xQueueGenericSendFromISR  queue.o
    0x08005934   0x08005934   0x00000168   Code   RO         3147    i.xQueueReceive     queue.o
    0x08005a9c   0x08005a9c   0x0000008c   Code   RO         3562    i.xTaskCheckForTimeOut  tasks.o
    0x08005b28   0x08005b28   0x00000064   Code   RO         3563    i.xTaskCreate       tasks.o
    0x08005b8c   0x08005b8c   0x000000b8   Code   RO         3564    i.xTaskCreateStatic  tasks.o
    0x08005c44   0x08005c44   0x00000030   Code   RO         3568    i.xTaskGetIdleTaskHandle  tasks.o
    0x08005c74   0x08005c74   0x00000020   Code   RO         3569    i.xTaskGetSchedulerState  tasks.o
    0x08005c94   0x08005c94   0x0000000c   Code   RO         3570    i.xTaskGetTickCount  tasks.o
    0x08005ca0   0x08005ca0   0x00000144   Code   RO         3572    i.xTaskIncrementTick  tasks.o
    0x08005de4   0x08005de4   0x000000a4   Code   RO         3575    i.xTaskPriorityDisinherit  tasks.o
    0x08005e88   0x08005e88   0x00000098   Code   RO         3577    i.xTaskRemoveFromEventList  tasks.o
    0x08005f20   0x08005f20   0x00000104   Code   RO         3578    i.xTaskResumeAll    tasks.o
    0x08006024   0x08006024   0x00000078   Code   RO         3917    i.xTimerCreateTimerTask  timers.o
    0x0800609c   0x0800609c   0x00000084   Code   RO         3918    i.xTimerGenericCommand  timers.o
    0x08006120   0x08006120   0x00000005   Data   RO           18    .constdata          main.o
    0x08006125   0x08006125   0x00000003   PAD
    0x08006128   0x08006128   0x00000089   Data   RO          232    .constdata          freertos.o
    0x080061b1   0x080061b1   0x00000018   Data   RO         2909    .constdata          system_stm32f1xx.o
    0x080061c9   0x080061c9   0x000000e2   Data   RO         4799    .constdata          elog.o
    0x080062ab   0x080062ab   0x00000023   Data   RO         4966    .constdata          elog_utils.o
    0x080062ce   0x080062ce   0x00000002   PAD
    0x080062d0   0x080062d0   0x00000022   Data   RO          233    .conststring        freertos.o
    0x080062f2   0x080062f2   0x00000002   PAD
    0x080062f4   0x080062f4   0x00000047   Data   RO         4800    .conststring        elog.o
    0x0800633b   0x0800633b   0x00000001   PAD
    0x0800633c   0x0800633c   0x00000020   Data   RO         5316    Region$$Table       anon$$obj.o


    Execution Region RW_IRAM1 (Exec base: 0x20000000, Load base: 0x0800635c, Size: 0x000023b8, Max: 0x00005000, ABSOLUTE)

    Exec Addr    Load Addr    Size         Type   Attr      Idx    E Section Name        Object

    0x20000000   0x0800635c   0x00000010   Data   RW          234    .data               freertos.o
    0x20000010   0x0800636c   0x00000009   Data   RW          575    .data               stm32f1xx_hal.o
    0x20000019   0x08006375   0x00000003   PAD
    0x2000001c   0x08006378   0x00000004   Data   RW         2910    .data               system_stm32f1xx.o
    0x20000020   0x0800637c   0x0000003c   Data   RW         3581    .data               tasks.o
    0x2000005c   0x080063b8   0x00000014   Data   RW         3926    .data               timers.o
    0x20000070   0x080063cc   0x00000004   Data   RW         4134    .data               cmsis_os2.o
    0x20000074   0x080063d0   0x00000018   Data   RW         4509    .data               heap_4.o
    0x2000008c   0x080063e8   0x0000000c   Data   RW         4560    .data               port.o
    0x20000098   0x080063f4   0x00000034   Data   RW         4801    .data               elog.o
    0x200000cc   0x08006428   0x00000004   Data   RW         4993    .data               mc_w.l(stdout.o)
    0x200000d0        -       0x00000048   Zero   RW          298    .bss                tim.o
    0x20000118        -       0x00000088   Zero   RW          342    .bss                usart.o
    0x200001a0        -       0x00000048   Zero   RW          478    .bss                stm32f1xx_hal_timebase_tim.o
    0x200001e8        -       0x00000040   Zero   RW         3151    .bss                queue.o
    0x20000228        -       0x000004c4   Zero   RW         3580    .bss                tasks.o
    0x200006ec        -       0x00000118   Zero   RW         3925    .bss                timers.o
    0x20000804        -       0x000006b8   Zero   RW         4133    .bss                cmsis_os2.o
    0x20000ebc        -       0x00000c00   Zero   RW         4508    .bss                heap_4.o
    0x20001abc        -       0x000004f8   Zero   RW         4798    .bss                elog.o
    0x20001fb4   0x0800642c   0x00000004   PAD
    0x20001fb8        -       0x00000400   Zero   RW            1    STACK               startup_stm32f103xb.o


==============================================================================

Image component sizes


      Code (inc. data)   RO Data    RW Data    ZI Data      Debug   Object Name

       474         38          0          4       1720      14630   cmsis_os2.o
       490         34          0          0          0       4511   dht11.o
      2680        982        297         52       1272      16200   elog.o
        60         22          0          0          0       6432   elog_port.o
       256         94         35          0          0       2125   elog_utils.o
         0          0          0          0          0      19968   event_groups.o
      1176        534        171         16          0       8963   freertos.o
       196         12          0          0          0        903   gpio.o
       692         62          0         24       3072       4503   heap_4.o
       148          0          0          0          0       3254   list.o
       300         68          5          0          0     437672   main.o
       854         78          0         12          0      10573   port.o
      1914         20          0          0         64      16312   queue.o
        36          8        236          0       1024        776   startup_stm32f103xb.o
       116         24          0          9          0       5054   stm32f1xx_hal.o
       252         22          0          0          0      28506   stm32f1xx_hal_cortex.o
       848         34          0          0          0       3796   stm32f1xx_hal_gpio.o
        96         10          0          0          0        842   stm32f1xx_hal_msp.o
      1852        120          0          0          0       6381   stm32f1xx_hal_rcc.o
      1292         40          0          0          0       9996   stm32f1xx_hal_tim.o
       136         14          0          0          0       2285   stm32f1xx_hal_tim_ex.o
       160         22          0          0         72       1343   stm32f1xx_hal_timebase_tim.o
       684          4          0          0          0       3472   stm32f1xx_hal_uart.o
        38          6          0          0          0       2886   stm32f1xx_it.o
         0          0          0          0          0       8800   stream_buffer.o
         2          0         24          4          0       1035   system_stm32f1xx.o
      4142        484          0         60       1220      32116   tasks.o
       156         16          0          0         72       1506   tim.o
      1238        124          0         20        280      26075   timers.o
       352         36          0          0        136       2143   usart.o

    ----------------------------------------------------------------------
     20666       2908        808        204       8936     683058   Object Totals
         0          0         32          0          0          0   (incl. Generated)
        26          0          8          3          4          0   (incl. Padding)

    ----------------------------------------------------------------------

      Code (inc. data)   RO Data    RW Data    ZI Data      Debug   Library Member Name

         0          0          0          0          0          0   entry.o
         0          0          0          0          0          0   entry10a.o
         0          0          0          0          0          0   entry11a.o
         4          0          0          0          0          0   entry12b.o
         8          4          0          0          0          0   entry2.o
         4          0          0          0          0          0   entry5.o
         0          0          0          0          0          0   entry7b.o
         0          0          0          0          0          0   entry8b.o
         8          4          0          0          0          0   entry9a.o
        30          0          0          0          0          0   handlers.o
        36          8          0          0          0         68   init.o
         0          0          0          0          0          0   iusefp.o
        30          0          0          0          0         68   llshl.o
        36          0          0          0          0         68   llsshr.o
        32          0          0          0          0         68   llushr.o
        36          0          0          0          0         68   memcpya.o
        36          0          0          0          0        108   memseta.o
      2394        106          0          0          0        852   printfa.o
         0          0          0          4          0          0   stdout.o
        18          0          0          0          0         68   strcpy.o
        14          0          0          0          0         68   strlen.o
        30          0          0          0          0         80   strncmp.o
        36          0          0          0          0         80   strstr.o
        44          0          0          0          0         80   uidiv.o
        98          0          0          0          0         92   uldiv.o
        48          0          0          0          0         68   cdrcmple.o
       334          0          0          0          0        148   dadd.o
       222          0          0          0          0        100   ddiv.o
       186          0          0          0          0        176   depilogue.o
        48          0          0          0          0         68   dfixul.o
       228          0          0          0          0         96   dmul.o

    ----------------------------------------------------------------------
      3962        122          0          4          0       2424   Library Totals
         2          0          0          0          0          0   (incl. Padding)

    ----------------------------------------------------------------------

      Code (inc. data)   RO Data    RW Data    ZI Data      Debug   Library Name

      2894        122          0          4          0       1768   mc_w.l
      1066          0          0          0          0        656   mf_w.l

    ----------------------------------------------------------------------
      3962        122          0          4          0       2424   Library Totals

    ----------------------------------------------------------------------

==============================================================================


      Code (inc. data)   RO Data    RW Data    ZI Data      Debug   

     24628       3030        808        208       8936     674922   Grand Totals
     24628       3030        808        208       8936     674922   ELF Image Totals
     24628       3030        808        208          0          0   ROM Totals

==============================================================================

    Total RO  Size (Code + RO Data)                25436 (  24.84kB)
    Total RW  Size (RW Data + ZI Data)              9144 (   8.93kB)
    Total ROM Size (Code + RO Data + RW Data)      25644 (  25.04kB)

==============================================================================

